[2019-09-22T22:11:31.631-0800][0.007s] Using Parallel
[2019-09-22T22:11:31.631-0800][0.007s] Heap address: 0x0000000780000000, size: 2048 MB, Compressed Oops mode: Zero based, Oop shift amount: 3
[2019-09-22T22:11:33.513-0800][1.889s] GC(0) Pause Young (Allocation Failure)
[2019-09-22T22:11:33.525-0800][1.901s] GC(0) PSYoungGen: 98304K->16360K(114688K)
[2019-09-22T22:11:33.525-0800][1.901s] GC(0) ParOldGen: 0K->544K(262144K)
[2019-09-22T22:11:33.525-0800][1.901s] GC(0) Metaspace: 19664K->19664K(1067008K)
[2019-09-22T22:11:33.525-0800][1.901s] GC(0) Pause Young (Allocation Failure) 96M->16M(368M) 12.354ms
[2019-09-22T22:11:33.525-0800][1.901s] GC(0) User=0.03s Sys=0.01s Real=0.01s
[2019-09-22T22:11:34.802-0800][3.178s] GC(1) Pause Young (Allocation Failure)
[2019-09-22T22:11:34.827-0800][3.203s] GC(1) PSYoungGen: 114664K->16369K(114688K)
[2019-09-22T22:11:34.827-0800][3.203s] GC(1) ParOldGen: 544K->2917K(262144K)
[2019-09-22T22:11:34.827-0800][3.203s] GC(1) Metaspace: 20065K->20065K(1069056K)
[2019-09-22T22:11:34.827-0800][3.203s] GC(1) Pause Young (Allocation Failure) 112M->18M(368M) 24.491ms
[2019-09-22T22:11:34.827-0800][3.203s] GC(1) User=0.04s Sys=0.01s Real=0.02s
[2019-09-22T22:11:35.931-0800][4.306s] GC(2) Pause Young (Allocation Failure)
[2019-09-22T22:11:35.940-0800][4.316s] GC(2) PSYoungGen: 114673K->16356K(114688K)
[2019-09-22T22:11:35.940-0800][4.316s] GC(2) ParOldGen: 2917K->4133K(262144K)
[2019-09-22T22:11:35.940-0800][4.316s] GC(2) Metaspace: 20085K->20085K(1069056K)
[2019-09-22T22:11:35.940-0800][4.316s] GC(2) Pause Young (Allocation Failure) 114M->20M(368M) 9.321ms
[2019-09-22T22:11:35.940-0800][4.316s] GC(2) User=0.03s Sys=0.00s Real=0.01s
[2019-09-22T22:11:37.021-0800][5.397s] GC(3) Pause Young (Allocation Failure)
[2019-09-22T22:11:37.045-0800][5.421s] GC(3) PSYoungGen: 114660K->16370K(212992K)
[2019-09-22T22:11:37.045-0800][5.421s] GC(3) ParOldGen: 4133K->5405K(262144K)
[2019-09-22T22:11:37.045-0800][5.421s] GC(3) Metaspace: 20085K->20085K(1069056K)
[2019-09-22T22:11:37.045-0800][5.421s] GC(3) Pause Young (Allocation Failure) 116M->21M(464M) 23.687ms
[2019-09-22T22:11:37.045-0800][5.421s] GC(3) User=0.06s Sys=0.01s Real=0.02s
[2019-09-22T22:11:38.723-0800][7.099s] GC(4) Pause Young (Allocation Failure)
[2019-09-22T22:11:38.736-0800][7.112s] GC(4) PSYoungGen: 212978K->16361K(212992K)
[2019-09-22T22:11:38.736-0800][7.112s] GC(4) ParOldGen: 5405K->6865K(262144K)
[2019-09-22T22:11:38.736-0800][7.112s] GC(4) Metaspace: 20127K->20127K(1069056K)
[2019-09-22T22:11:38.736-0800][7.112s] GC(4) Pause Young (Allocation Failure) 213M->22M(464M) 13.148ms
[2019-09-22T22:11:38.736-0800][7.112s] GC(4) User=0.04s Sys=0.01s Real=0.01s
[2019-09-22T22:11:38.912-0800][7.288s] GC(5) Pause Young (Metadata GC Threshold)
[2019-09-22T22:11:38.927-0800][7.303s] GC(5) PSYoungGen: 46871K->18342K(412160K)
[2019-09-22T22:11:38.927-0800][7.303s] GC(5) ParOldGen: 6865K->6873K(262144K)
[2019-09-22T22:11:38.927-0800][7.303s] GC(5) Metaspace: 20482K->20482K(1069056K)
[2019-09-22T22:11:38.927-0800][7.303s] GC(5) Pause Young (Metadata GC Threshold) 52M->24M(658M) 14.609ms
[2019-09-22T22:11:38.927-0800][7.303s] GC(5) User=0.04s Sys=0.01s Real=0.01s
[2019-09-22T22:11:38.927-0800][7.303s] GC(6) Pause Full (Metadata GC Threshold)
[2019-09-22T22:11:38.927-0800][7.303s] GC(6) Marking Phase
[2019-09-22T22:11:38.943-0800][7.319s] GC(6) Marking Phase 15.653ms
[2019-09-22T22:11:38.943-0800][7.319s] GC(6) Summary Phase
[2019-09-22T22:11:38.943-0800][7.319s] GC(6) Summary Phase 0.023ms
[2019-09-22T22:11:38.943-0800][7.319s] GC(6) Adjust Roots
[2019-09-22T22:11:38.951-0800][7.327s] GC(6) Adjust Roots 8.479ms
[2019-09-22T22:11:38.951-0800][7.327s] GC(6) Compaction Phase
[2019-09-22T22:11:38.978-0800][7.353s] GC(6) Compaction Phase 26.115ms
[2019-09-22T22:11:38.978-0800][7.353s] GC(6) Post Compact
[2019-09-22T22:11:38.978-0800][7.354s] GC(6) Post Compact 0.900ms
[2019-09-22T22:11:38.979-0800][7.354s] GC(6) PSYoungGen: 18342K->0K(412160K)
[2019-09-22T22:11:38.979-0800][7.354s] GC(6) ParOldGen: 6873K->21046K(262144K)
[2019-09-22T22:11:38.979-0800][7.354s] GC(6) Metaspace: 20482K->20481K(1069056K)
[2019-09-22T22:11:38.979-0800][7.354s] GC(6) Pause Full (Metadata GC Threshold) 24M->20M(658M) 51.475ms
[2019-09-22T22:11:38.979-0800][7.354s] GC(6) User=0.14s Sys=0.01s Real=0.05s
[2019-09-22T22:11:41.480-0800][9.856s] GC(7) Pause Young (Metadata GC Threshold)
[2019-09-22T22:11:41.490-0800][9.866s] GC(7) PSYoungGen: 310650K->12473K(412160K)
[2019-09-22T22:11:41.490-0800][9.866s] GC(7) ParOldGen: 21046K->21054K(262144K)
[2019-09-22T22:11:41.490-0800][9.866s] GC(7) Metaspace: 34253K->34253K(1081344K)
[2019-09-22T22:11:41.491-0800][9.866s] GC(7) Pause Young (Metadata GC Threshold) 323M->32M(658M) 10.324ms
[2019-09-22T22:11:41.491-0800][9.866s] GC(7) User=0.03s Sys=0.00s Real=0.01s
[2019-09-22T22:11:41.491-0800][9.866s] GC(8) Pause Full (Metadata GC Threshold)
[2019-09-22T22:11:41.491-0800][9.866s] GC(8) Marking Phase
[2019-09-22T22:11:41.505-0800][9.881s] GC(8) Marking Phase 14.476ms
[2019-09-22T22:11:41.505-0800][9.881s] GC(8) Summary Phase
[2019-09-22T22:11:41.505-0800][9.881s] GC(8) Summary Phase 0.011ms
[2019-09-22T22:11:41.505-0800][9.881s] GC(8) Adjust Roots
[2019-09-22T22:11:41.516-0800][9.892s] GC(8) Adjust Roots 11.126ms
[2019-09-22T22:11:41.516-0800][9.892s] GC(8) Compaction Phase
[2019-09-22T22:11:41.539-0800][9.915s] GC(8) Compaction Phase 22.413ms
[2019-09-22T22:11:41.539-0800][9.915s] GC(8) Post Compact
[2019-09-22T22:11:41.539-0800][9.915s] GC(8) Post Compact 0.128ms
[2019-09-22T22:11:41.539-0800][9.915s] GC(8) PSYoungGen: 12473K->0K(412160K)
[2019-09-22T22:11:41.539-0800][9.915s] GC(8) ParOldGen: 21054K->25548K(262144K)
[2019-09-22T22:11:41.539-0800][9.915s] GC(8) Metaspace: 34253K->34253K(1081344K)
[2019-09-22T22:11:41.539-0800][9.915s] GC(8) Pause Full (Metadata GC Threshold) 32M->24M(658M) 48.385ms
[2019-09-22T22:11:41.539-0800][9.915s] GC(8) User=0.16s Sys=0.01s Real=0.04s
[2019-09-22T22:11:44.450-0800][12.826s] GC(9) Pause Young (Allocation Failure)
[2019-09-22T22:11:44.457-0800][12.833s] GC(9) PSYoungGen: 393216K->10416K(412160K)
[2019-09-22T22:11:44.457-0800][12.833s] GC(9) ParOldGen: 25548K->25556K(262144K)
[2019-09-22T22:11:44.457-0800][12.833s] GC(9) Metaspace: 45396K->45396K(1089536K)
[2019-09-22T22:11:44.457-0800][12.833s] GC(9) Pause Young (Allocation Failure) 408M->35M(658M) 7.598ms
[2019-09-22T22:11:44.457-0800][12.833s] GC(9) User=0.03s Sys=0.00s Real=0.00s
[2019-09-22T22:11:46.823-0800][15.199s] GC(10) Pause Young (Metadata GC Threshold)
[2019-09-22T22:11:46.851-0800][15.227s] GC(10) PSYoungGen: 320233K->20973K(413184K)
[2019-09-22T22:11:46.851-0800][15.227s] GC(10) ParOldGen: 25556K->34534K(262144K)
[2019-09-22T22:11:46.851-0800][15.227s] GC(10) Metaspace: 56748K->56748K(1101824K)
[2019-09-22T22:11:46.851-0800][15.227s] GC(10) Pause Young (Metadata GC Threshold) 337M->54M(659M) 28.397ms
[2019-09-22T22:11:46.851-0800][15.227s] GC(10) User=0.08s Sys=0.02s Real=0.03s
[2019-09-22T22:11:46.851-0800][15.227s] GC(11) Pause Full (Metadata GC Threshold)
[2019-09-22T22:11:46.852-0800][15.227s] GC(11) Marking Phase
[2019-09-22T22:11:46.906-0800][15.282s] GC(11) Marking Phase 54.980ms
[2019-09-22T22:11:46.907-0800][15.282s] GC(11) Summary Phase
[2019-09-22T22:11:46.907-0800][15.282s] GC(11) Summary Phase 0.013ms
[2019-09-22T22:11:46.907-0800][15.282s] GC(11) Adjust Roots
[2019-09-22T22:11:46.928-0800][15.304s] GC(11) Adjust Roots 21.353ms
[2019-09-22T22:11:46.928-0800][15.304s] GC(11) Compaction Phase
[2019-09-22T22:11:47.027-0800][15.403s] GC(11) Compaction Phase 99.202ms
[2019-09-22T22:11:47.027-0800][15.403s] GC(11) Post Compact
[2019-09-22T22:11:47.028-0800][15.403s] GC(11) Post Compact 0.443ms
[2019-09-22T22:11:47.028-0800][15.403s] GC(11) PSYoungGen: 20973K->0K(413184K)
[2019-09-22T22:11:47.028-0800][15.403s] GC(11) ParOldGen: 34534K->49643K(262144K)
[2019-09-22T22:11:47.028-0800][15.403s] GC(11) Metaspace: 56748K->56733K(1101824K)
[2019-09-22T22:11:47.028-0800][15.403s] GC(11) Pause Full (Metadata GC Threshold) 54M->48M(659M) 176.250ms
[2019-09-22T22:11:47.028-0800][15.404s] GC(11) User=0.50s Sys=0.01s Real=0.17s
[2019-09-22T22:11:51.452-0800][19.828s] GC(12) Pause Young (Allocation Failure)
[2019-09-22T22:11:51.510-0800][19.886s] GC(12) PSYoungGen: 392192K->18505K(646656K)
[2019-09-22T22:11:51.510-0800][19.886s] GC(12) ParOldGen: 49643K->49659K(262144K)
[2019-09-22T22:11:51.510-0800][19.886s] GC(12) Metaspace: 67667K->67667K(1110016K)
[2019-09-22T22:11:51.510-0800][19.886s] GC(12) Pause Young (Allocation Failure) 431M->66M(887M) 58.194ms
[2019-09-22T22:11:51.511-0800][19.886s] GC(12) User=0.05s Sys=0.01s Real=0.06s
[2019-09-22T22:11:57.281-0800][25.656s] GC(13) Pause Young (Allocation Failure)
[2019-09-22T22:11:57.317-0800][25.692s] GC(13) PSYoungGen: 646217K->3103K(666112K)
[2019-09-22T22:11:57.317-0800][25.692s] GC(13) ParOldGen: 49659K->67815K(262144K)
[2019-09-22T22:11:57.317-0800][25.692s] GC(13) Metaspace: 74682K->74682K(1118208K)
[2019-09-22T22:11:57.317-0800][25.692s] GC(13) Pause Young (Allocation Failure) 679M->69M(906M) 35.855ms
[2019-09-22T22:11:57.317-0800][25.692s] GC(13) User=0.06s Sys=0.04s Real=0.03s
[2019-09-22T22:25:43.691-0800][852.060s] GC(14) Pause Young (System.gc())
[2019-09-22T22:25:43.731-0800][852.100s] GC(14) PSYoungGen: 396409K->15071K(672256K)
[2019-09-22T22:25:43.731-0800][852.100s] GC(14) ParOldGen: 67815K->70385K(262144K)
[2019-09-22T22:25:43.731-0800][852.100s] GC(14) Metaspace: 82830K->82830K(1126400K)
[2019-09-22T22:25:43.731-0800][852.100s] GC(14) Pause Young (System.gc()) 453M->83M(912M) 40.292ms
[2019-09-22T22:25:43.731-0800][852.100s] GC(14) User=0.05s Sys=0.07s Real=0.04s
[2019-09-22T22:25:43.731-0800][852.100s] GC(15) Pause Full (System.gc())
[2019-09-22T22:25:43.731-0800][852.100s] GC(15) Marking Phase
[2019-09-22T22:25:43.862-0800][852.231s] GC(15) Marking Phase 130.541ms
[2019-09-22T22:25:43.862-0800][852.231s] GC(15) Summary Phase
[2019-09-22T22:25:43.862-0800][852.231s] GC(15) Summary Phase 0.015ms
[2019-09-22T22:25:43.862-0800][852.231s] GC(15) Adjust Roots
[2019-09-22T22:25:43.896-0800][852.266s] GC(15) Adjust Roots 34.769ms
[2019-09-22T22:25:43.896-0800][852.266s] GC(15) Compaction Phase
[2019-09-22T22:25:44.013-0800][852.382s] GC(15) Compaction Phase 116.151ms
[2019-09-22T22:25:44.013-0800][852.382s] GC(15) Post Compact
[2019-09-22T22:25:44.014-0800][852.383s] GC(15) Post Compact 1.446ms
[2019-09-22T22:25:44.014-0800][852.383s] GC(15) PSYoungGen: 15071K->0K(672256K)
[2019-09-22T22:25:44.014-0800][852.383s] GC(15) ParOldGen: 70385K->55364K(262144K)
[2019-09-22T22:25:44.014-0800][852.383s] GC(15) Metaspace: 82830K->80564K(1126400K)
[2019-09-22T22:25:44.014-0800][852.383s] GC(15) Pause Full (System.gc()) 83M->54M(912M) 283.203ms
[2019-09-22T22:25:44.014-0800][852.384s] GC(15) User=0.53s Sys=0.12s Real=0.28s
[2019-09-22T22:25:52.078-0800][860.447s] GC(16) Pause Young (Allocation Failure)
[2019-09-22T22:25:52.121-0800][860.490s] GC(16) PSYoungGen: 645120K->26618K(671744K)
[2019-09-22T22:25:52.121-0800][860.490s] GC(16) ParOldGen: 55364K->55532K(262144K)
[2019-09-22T22:25:52.121-0800][860.490s] GC(16) Metaspace: 110979K->110979K(1150976K)
[2019-09-22T22:25:52.121-0800][860.490s] GC(16) Pause Young (Allocation Failure) 684M->80M(912M) 43.128ms
[2019-09-22T22:25:52.121-0800][860.490s] GC(16) User=0.07s Sys=0.01s Real=0.05s
[2019-09-22T22:25:54.252-0800][862.621s] GC(17) Pause Young (Allocation Failure)
[2019-09-22T22:25:54.321-0800][862.690s] GC(17) PSYoungGen: 671738K->5418K(665600K)
[2019-09-22T22:25:54.321-0800][862.690s] GC(17) ParOldGen: 55532K->81920K(262144K)
[2019-09-22T22:25:54.321-0800][862.690s] GC(17) Metaspace: 111983K->111983K(1150976K)
[2019-09-22T22:25:54.321-0800][862.690s] GC(17) Pause Young (Allocation Failure) 710M->85M(906M) 69.115ms
[2019-09-22T22:25:54.321-0800][862.690s] GC(17) User=0.12s Sys=0.02s Real=0.07s
[2019-09-22T22:25:56.300-0800][864.669s] GC(18) Pause Young (Allocation Failure)
[2019-09-22T22:25:56.306-0800][864.676s] GC(18) PSYoungGen: 643882K->2949K(641536K)
[2019-09-22T22:25:56.306-0800][864.676s] GC(18) ParOldGen: 81920K->86217K(262144K)
[2019-09-22T22:25:56.306-0800][864.676s] GC(18) Metaspace: 112394K->112394K(1150976K)
[2019-09-22T22:25:56.306-0800][864.676s] GC(18) Pause Young (Allocation Failure) 708M->87M(882M) 6.624ms
[2019-09-22T22:25:56.306-0800][864.676s] GC(18) User=0.02s Sys=0.01s Real=0.00s
[2019-09-22T22:25:58.333-0800][866.702s] GC(19) Pause Young (Allocation Failure)
[2019-09-22T22:25:58.340-0800][866.709s] GC(19) PSYoungGen: 641413K->3200K(667648K)
[2019-09-22T22:25:58.340-0800][866.709s] GC(19) ParOldGen: 86217K->87609K(262144K)
[2019-09-22T22:25:58.340-0800][866.709s] GC(19) Metaspace: 112720K->112720K(1150976K)
[2019-09-22T22:25:58.340-0800][866.709s] GC(19) Pause Young (Allocation Failure) 710M->88M(908M) 6.957ms
[2019-09-22T22:25:58.340-0800][866.709s] GC(19) User=0.02s Sys=0.00s Real=0.01s
[2019-09-22T22:25:59.959-0800][868.328s] GC(20) Pause Young (Allocation Failure)
[2019-09-22T22:25:59.973-0800][868.342s] GC(20) PSYoungGen: 639616K->8586K(617984K)
[2019-09-22T22:25:59.973-0800][868.342s] GC(20) ParOldGen: 87609K->90489K(262144K)
[2019-09-22T22:25:59.973-0800][868.342s] GC(20) Metaspace: 113271K->113271K(1153024K)
[2019-09-22T22:25:59.973-0800][868.342s] GC(20) Pause Young (Allocation Failure) 710M->96M(859M) 14.320ms
[2019-09-22T22:25:59.973-0800][868.342s] GC(20) User=0.05s Sys=0.00s Real=0.02s
[2019-09-22T22:26:01.422-0800][869.791s] GC(21) Pause Young (Allocation Failure)
[2019-09-22T22:26:01.548-0800][869.917s] GC(21) PSYoungGen: 617866K->11205K(594432K)
[2019-09-22T22:26:01.548-0800][869.917s] GC(21) ParOldGen: 90489K->96337K(262144K)
[2019-09-22T22:26:01.548-0800][869.917s] GC(21) Metaspace: 113803K->113803K(1153024K)
[2019-09-22T22:26:01.548-0800][869.917s] GC(21) Pause Young (Allocation Failure) 691M->105M(836M) 126.436ms
[2019-09-22T22:26:01.548-0800][869.917s] GC(21) User=0.05s Sys=0.01s Real=0.12s
[2019-09-22T22:26:03.119-0800][871.488s] GC(22) Pause Young (Allocation Failure)
[2019-09-22T22:26:03.130-0800][871.499s] GC(22) PSYoungGen: 594373K->3630K(562688K)
[2019-09-22T22:26:03.130-0800][871.499s] GC(22) ParOldGen: 96337K->106144K(262144K)
[2019-09-22T22:26:03.130-0800][871.499s] GC(22) Metaspace: 114067K->114067K(1153024K)
[2019-09-22T22:26:03.130-0800][871.499s] GC(22) Pause Young (Allocation Failure) 674M->107M(805M) 11.129ms
[2019-09-22T22:26:03.130-0800][871.500s] GC(22) User=0.03s Sys=0.01s Real=0.02s
[2019-09-22T22:26:03.835-0800][872.204s] GC(23) Pause Young (Allocation Failure)
[2019-09-22T22:26:03.844-0800][872.213s] GC(23) PSYoungGen: 562222K->4806K(540160K)
[2019-09-22T22:26:03.844-0800][872.214s] GC(23) ParOldGen: 106144K->109208K(262144K)
[2019-09-22T22:26:03.844-0800][872.214s] GC(23) Metaspace: 114218K->114218K(1153024K)
[2019-09-22T22:26:03.844-0800][872.214s] GC(23) Pause Young (Allocation Failure) 652M->111M(783M) 9.469ms
[2019-09-22T22:26:03.844-0800][872.214s] GC(23) User=0.03s Sys=0.00s Real=0.01s
[2019-09-22T22:26:05.261-0800][873.630s] GC(24) Pause Young (Allocation Failure)
[2019-09-22T22:26:05.278-0800][873.647s] GC(24) PSYoungGen: 539846K->28656K(592896K)
[2019-09-22T22:26:05.278-0800][873.647s] GC(24) ParOldGen: 109208K->114230K(262144K)
[2019-09-22T22:26:05.278-0800][873.647s] GC(24) Metaspace: 114494K->114494K(1153024K)
[2019-09-22T22:26:05.278-0800][873.647s] GC(24) Pause Young (Allocation Failure) 633M->139M(835M) 17.248ms
[2019-09-22T22:26:05.278-0800][873.647s] GC(24) User=0.05s Sys=0.00s Real=0.01s
[2019-09-22T22:26:07.346-0800][875.715s] GC(25) Pause Young (Allocation Failure)
[2019-09-22T22:26:07.394-0800][875.763s] GC(25) PSYoungGen: 592880K->31302K(655360K)
[2019-09-22T22:26:07.394-0800][875.763s] GC(25) ParOldGen: 114230K->142569K(262144K)
[2019-09-22T22:26:07.394-0800][875.763s] GC(25) Metaspace: 123990K->123990K(1163264K)
[2019-09-22T22:26:07.394-0800][875.763s] GC(25) Pause Young (Allocation Failure) 690M->169M(896M) 48.262ms
[2019-09-22T22:26:07.394-0800][875.763s] GC(25) User=0.14s Sys=0.03s Real=0.05s
[2019-09-22T22:26:10.095-0800][878.464s] GC(26) Pause Young (GCLocker Initiated GC)
[2019-09-22T22:26:10.160-0800][878.529s] GC(26) PSYoungGen: 588493K->26239K(646656K)
[2019-09-22T22:26:10.160-0800][878.529s] GC(26) ParOldGen: 142569K->173083K(262144K)
[2019-09-22T22:26:10.160-0800][878.529s] GC(26) Metaspace: 133531K->133531K(1173504K)
[2019-09-22T22:26:10.160-0800][878.529s] GC(26) Pause Young (GCLocker Initiated GC) 713M->194M(887M) 64.687ms
[2019-09-22T22:26:10.160-0800][878.529s] GC(26) User=0.15s Sys=0.02s Real=0.07s
[2019-09-22T22:26:10.187-0800][878.556s] GC(27) Pause Young (Metadata GC Threshold)
[2019-09-22T22:26:10.226-0800][878.595s] GC(27) PSYoungGen: 44861K->640K(657408K)
[2019-09-22T22:26:10.226-0800][878.595s] GC(27) ParOldGen: 173083K->199168K(262144K)
[2019-09-22T22:26:10.226-0800][878.595s] GC(27) Metaspace: 133682K->133682K(1173504K)
[2019-09-22T22:26:10.226-0800][878.595s] GC(27) Pause Young (Metadata GC Threshold) 212M->195M(898M) 39.323ms
[2019-09-22T22:26:10.226-0800][878.595s] GC(27) User=0.09s Sys=0.01s Real=0.04s
[2019-09-22T22:26:10.226-0800][878.596s] GC(28) Pause Full (Metadata GC Threshold)
[2019-09-22T22:26:10.226-0800][878.596s] GC(28) Marking Phase
[2019-09-22T22:26:10.429-0800][878.799s] GC(28) Marking Phase 202.960ms
[2019-09-22T22:26:10.429-0800][878.799s] GC(28) Summary Phase
[2019-09-22T22:26:10.429-0800][878.799s] GC(28) Summary Phase 0.021ms
[2019-09-22T22:26:10.429-0800][878.799s] GC(28) Adjust Roots
[2019-09-22T22:26:10.486-0800][878.855s] GC(28) Adjust Roots 56.817ms
[2019-09-22T22:26:10.486-0800][878.855s] GC(28) Compaction Phase
[2019-09-22T22:26:10.686-0800][879.055s] GC(28) Compaction Phase 199.369ms
[2019-09-22T22:26:10.686-0800][879.055s] GC(28) Post Compact
[2019-09-22T22:26:10.686-0800][879.055s] GC(28) Post Compact 0.403ms
[2019-09-22T22:26:10.686-0800][879.055s] GC(28) PSYoungGen: 640K->0K(657408K)
[2019-09-22T22:26:10.686-0800][879.055s] GC(28) ParOldGen: 199168K->178639K(262144K)
[2019-09-22T22:26:10.686-0800][879.055s] GC(28) Metaspace: 133682K->133655K(1173504K)
[2019-09-22T22:26:10.686-0800][879.055s] GC(28) Pause Full (Metadata GC Threshold) 195M->174M(898M) 459.825ms
[2019-09-22T22:26:10.686-0800][879.055s] GC(28) User=1.38s Sys=0.01s Real=0.46s
[2019-09-22T22:26:12.469-0800][880.838s] GC(29) Pause Young (Allocation Failure)
[2019-09-22T22:26:12.487-0800][880.856s] GC(29) PSYoungGen: 615936K->29228K(645632K)
[2019-09-22T22:26:12.487-0800][880.856s] GC(29) ParOldGen: 178639K->178647K(262144K)
[2019-09-22T22:26:12.487-0800][880.857s] GC(29) Metaspace: 139139K->139139K(1179648K)
[2019-09-22T22:26:12.487-0800][880.857s] GC(29) Pause Young (Allocation Failure) 775M->203M(886M) 18.401ms
[2019-09-22T22:26:12.487-0800][880.857s] GC(29) User=0.06s Sys=0.00s Real=0.02s
[2019-09-22T22:26:14.200-0800][882.569s] GC(30) Pause Young (Allocation Failure)
[2019-09-22T22:26:14.244-0800][882.613s] GC(30) PSYoungGen: 645164K->24611K(653824K)
[2019-09-22T22:26:14.244-0800][882.613s] GC(30) ParOldGen: 178647K->206453K(262144K)
[2019-09-22T22:26:14.244-0800][882.613s] GC(30) Metaspace: 161303K->161303K(1200128K)
[2019-09-22T22:26:14.244-0800][882.613s] GC(30) Pause Young (Allocation Failure) 804M->225M(894M) 44.545ms
[2019-09-22T22:26:14.244-0800][882.613s] GC(30) User=0.14s Sys=0.01s Real=0.04s
[2019-09-22T22:26:15.707-0800][884.076s] GC(31) Pause Young (Allocation Failure)
[2019-09-22T22:26:15.766-0800][884.136s] GC(31) PSYoungGen: 634403K->28930K(638976K)
[2019-09-22T22:26:15.767-0800][884.136s] GC(31) ParOldGen: 206453K->229972K(262144K)
[2019-09-22T22:26:15.767-0800][884.136s] GC(31) Metaspace: 180451K->180451K(1218560K)
[2019-09-22T22:26:15.767-0800][884.136s] GC(31) Pause Young (Allocation Failure) 821M->252M(880M) 59.660ms
[2019-09-22T22:26:15.767-0800][884.136s] GC(31) User=0.16s Sys=0.01s Real=0.06s
[2019-09-22T22:26:15.767-0800][884.136s] GC(32) Pause Full (Ergonomics)
[2019-09-22T22:26:15.767-0800][884.136s] GC(32) Marking Phase
[2019-09-22T22:26:16.035-0800][884.404s] GC(32) Marking Phase 267.863ms
[2019-09-22T22:26:16.035-0800][884.404s] GC(32) Summary Phase
[2019-09-22T22:26:16.035-0800][884.404s] GC(32) Summary Phase 0.020ms
[2019-09-22T22:26:16.035-0800][884.404s] GC(32) Adjust Roots
[2019-09-22T22:26:16.100-0800][884.469s] GC(32) Adjust Roots 64.809ms
[2019-09-22T22:26:16.100-0800][884.469s] GC(32) Compaction Phase
[2019-09-22T22:26:16.342-0800][884.711s] GC(32) Compaction Phase 241.656ms
[2019-09-22T22:26:16.342-0800][884.711s] GC(32) Post Compact
[2019-09-22T22:26:16.342-0800][884.711s] GC(32) Post Compact 0.430ms
[2019-09-22T22:26:16.343-0800][884.712s] GC(32) PSYoungGen: 28930K->0K(652800K)
[2019-09-22T22:26:16.343-0800][884.712s] GC(32) ParOldGen: 229972K->245471K(437248K)
[2019-09-22T22:26:16.343-0800][884.712s] GC(32) Metaspace: 180451K->180447K(1218560K)
[2019-09-22T22:26:16.343-0800][884.712s] GC(32) Pause Full (Ergonomics) 252M->239M(1064M) 575.503ms
[2019-09-22T22:26:16.343-0800][884.712s] GC(32) User=1.77s Sys=0.02s Real=0.58s
[2019-09-22T22:26:18.118-0800][886.487s] GC(33) Pause Young (Allocation Failure)
[2019-09-22T22:26:18.156-0800][886.525s] GC(33) PSYoungGen: 606720K->25532K(652800K)
[2019-09-22T22:26:18.156-0800][886.525s] GC(33) ParOldGen: 245471K->245479K(437248K)
[2019-09-22T22:26:18.156-0800][886.525s] GC(33) Metaspace: 195707K->195707K(1232896K)
[2019-09-22T22:26:18.156-0800][886.525s] GC(33) Pause Young (Allocation Failure) 832M->264M(1064M) 37.180ms
[2019-09-22T22:26:18.156-0800][886.525s] GC(33) User=0.09s Sys=0.00s Real=0.04s
[2019-09-22T22:26:19.569-0800][887.938s] GC(34) Pause Young (Allocation Failure)
[2019-09-22T22:26:19.611-0800][887.980s] GC(34) PSYoungGen: 632252K->46078K(637440K)
[2019-09-22T22:26:19.612-0800][887.981s] GC(34) ParOldGen: 245479K->246192K(437248K)
[2019-09-22T22:26:19.612-0800][887.981s] GC(34) Metaspace: 206882K->206882K(1243136K)
[2019-09-22T22:26:19.612-0800][887.981s] GC(34) Pause Young (Allocation Failure) 857M->285M(1049M) 42.917ms
[2019-09-22T22:26:19.612-0800][887.981s] GC(34) User=0.15s Sys=0.00s Real=0.05s
[2019-09-22T22:26:21.319-0800][889.688s] GC(35) Pause Young (Allocation Failure)
[2019-09-22T22:26:21.382-0800][889.751s] GC(35) PSYoungGen: 637438K->26662K(645120K)
[2019-09-22T22:26:21.382-0800][889.751s] GC(35) ParOldGen: 246192K->291236K(437248K)
[2019-09-22T22:26:21.382-0800][889.751s] GC(35) Metaspace: 216202K->216202K(1251328K)
[2019-09-22T22:26:21.382-0800][889.751s] GC(35) Pause Young (Allocation Failure) 862M->310M(1057M) 63.040ms
[2019-09-22T22:26:21.382-0800][889.751s] GC(35) User=0.22s Sys=0.02s Real=0.07s
[2019-09-22T22:26:25.116-0800][893.485s] GC(36) Pause Young (Allocation Failure)
[2019-09-22T22:26:25.149-0800][893.518s] GC(36) PSYoungGen: 618022K->38523K(640512K)
[2019-09-22T22:26:25.149-0800][893.518s] GC(36) ParOldGen: 291236K->291236K(437248K)
[2019-09-22T22:26:25.149-0800][893.518s] GC(36) Metaspace: 219613K->219613K(1253376K)
[2019-09-22T22:26:25.149-0800][893.518s] GC(36) Pause Young (Allocation Failure) 887M->322M(1052M) 33.300ms
[2019-09-22T22:26:25.149-0800][893.518s] GC(36) User=0.12s Sys=0.00s Real=0.03s
[2019-09-22T22:26:27.394-0800][895.763s] GC(37) Pause Young (Allocation Failure)
[2019-09-22T22:26:27.424-0800][895.793s] GC(37) PSYoungGen: 626811K->47319K(635904K)
[2019-09-22T22:26:27.424-0800][895.793s] GC(37) ParOldGen: 291236K->291244K(437248K)
[2019-09-22T22:26:27.424-0800][895.793s] GC(37) Metaspace: 224047K->224047K(1257472K)
[2019-09-22T22:26:27.424-0800][895.793s] GC(37) Pause Young (Allocation Failure) 896M->330M(1048M) 30.494ms
[2019-09-22T22:26:27.424-0800][895.793s] GC(37) User=0.12s Sys=0.00s Real=0.03s
[2019-09-22T22:26:29.663-0800][898.032s] GC(38) Pause Young (Allocation Failure)
[2019-09-22T22:26:29.696-0800][898.065s] GC(38) PSYoungGen: 635607K->52139K(625664K)
[2019-09-22T22:26:29.696-0800][898.065s] GC(38) ParOldGen: 291244K->291252K(437248K)
[2019-09-22T22:26:29.696-0800][898.065s] GC(38) Metaspace: 227900K->227900K(1261568K)
[2019-09-22T22:26:29.696-0800][898.065s] GC(38) Pause Young (Allocation Failure) 905M->335M(1038M) 33.135ms
[2019-09-22T22:26:29.696-0800][898.065s] GC(38) User=0.12s Sys=0.00s Real=0.03s
[2019-09-22T22:26:33.097-0800][901.466s] GC(39) Pause Young (Allocation Failure)
[2019-09-22T22:26:33.149-0800][901.518s] GC(39) PSYoungGen: 616875K->62860K(627712K)
[2019-09-22T22:26:33.149-0800][901.518s] GC(39) ParOldGen: 291252K->291260K(437248K)
[2019-09-22T22:26:33.149-0800][901.518s] GC(39) Metaspace: 232402K->232402K(1265664K)
[2019-09-22T22:26:33.149-0800][901.518s] GC(39) Pause Young (Allocation Failure) 886M->345M(1040M) 52.613ms
[2019-09-22T22:26:33.149-0800][901.518s] GC(39) User=0.20s Sys=0.00s Real=0.05s
[2019-09-22T22:26:36.340-0800][904.709s] GC(40) Pause Young (Allocation Failure)
[2019-09-22T22:26:36.384-0800][904.753s] GC(40) PSYoungGen: 627596K->68851K(600064K)
[2019-09-22T22:26:36.384-0800][904.753s] GC(40) ParOldGen: 291260K->291268K(437248K)
[2019-09-22T22:26:36.384-0800][904.753s] GC(40) Metaspace: 232893K->232893K(1265664K)
[2019-09-22T22:26:36.384-0800][904.753s] GC(40) Pause Young (Allocation Failure) 897M->351M(1013M) 44.086ms
[2019-09-22T22:26:36.384-0800][904.753s] GC(40) User=0.16s Sys=0.00s Real=0.04s
[2019-09-22T22:26:38.384-0800][906.753s] GC(41) Pause Young (Allocation Failure)
[2019-09-22T22:26:38.425-0800][906.794s] GC(41) PSYoungGen: 597747K->70144K(599552K)
[2019-09-22T22:26:38.425-0800][906.794s] GC(41) ParOldGen: 291268K->291268K(437248K)
[2019-09-22T22:26:38.425-0800][906.794s] GC(41) Metaspace: 232991K->232991K(1265664K)
[2019-09-22T22:26:38.425-0800][906.794s] GC(41) Pause Young (Allocation Failure) 868M->352M(1012M) 41.205ms
[2019-09-22T22:26:38.425-0800][906.794s] GC(41) User=0.15s Sys=0.00s Real=0.04s
[2019-09-22T22:26:39.842-0800][908.211s] GC(42) Pause Young (Allocation Failure)
[2019-09-22T22:26:39.880-0800][908.249s] GC(42) PSYoungGen: 599040K->71239K(592896K)
[2019-09-22T22:26:39.880-0800][908.249s] GC(42) ParOldGen: 291268K->291268K(437248K)
[2019-09-22T22:26:39.880-0800][908.249s] GC(42) Metaspace: 233045K->233045K(1265664K)
[2019-09-22T22:26:39.880-0800][908.249s] GC(42) Pause Young (Allocation Failure) 869M->354M(1006M) 37.580ms
[2019-09-22T22:26:39.880-0800][908.249s] GC(42) User=0.14s Sys=0.00s Real=0.04s
[2019-09-22T22:26:41.059-0800][909.428s] GC(43) Pause Young (System.gc())
[2019-09-22T22:26:41.099-0800][909.468s] GC(43) PSYoungGen: 509824K->72649K(572928K)
[2019-09-22T22:26:41.099-0800][909.468s] GC(43) ParOldGen: 291268K->291276K(437248K)
[2019-09-22T22:26:41.099-0800][909.468s] GC(43) Metaspace: 233192K->233192K(1265664K)
[2019-09-22T22:26:41.099-0800][909.468s] GC(43) Pause Young (System.gc()) 782M->355M(986M) 39.608ms
[2019-09-22T22:26:41.099-0800][909.468s] GC(43) User=0.15s Sys=0.00s Real=0.04s
[2019-09-22T22:26:41.099-0800][909.468s] GC(44) Pause Full (System.gc())
[2019-09-22T22:26:41.099-0800][909.468s] GC(44) Marking Phase
[2019-09-22T22:26:41.341-0800][909.709s] GC(44) Marking Phase 241.582ms
[2019-09-22T22:26:41.342-0800][909.711s] GC(44) Summary Phase
[2019-09-22T22:26:41.342-0800][909.711s] GC(44) Summary Phase 0.035ms
[2019-09-22T22:26:41.342-0800][909.711s] GC(44) Adjust Roots
[2019-09-22T22:26:41.447-0800][909.816s] GC(44) Adjust Roots 105.343ms
[2019-09-22T22:26:41.447-0800][909.816s] GC(44) Compaction Phase
[2019-09-22T22:26:41.835-0800][910.204s] GC(44) Compaction Phase 387.435ms
[2019-09-22T22:26:41.835-0800][910.204s] GC(44) Post Compact
[2019-09-22T22:26:41.839-0800][910.208s] GC(44) Post Compact 4.497ms
[2019-09-22T22:26:41.840-0800][910.208s] GC(44) PSYoungGen: 72649K->0K(572928K)
[2019-09-22T22:26:41.840-0800][910.208s] GC(44) ParOldGen: 291276K->223120K(437248K)
[2019-09-22T22:26:41.840-0800][910.208s] GC(44) Metaspace: 233192K->217680K(1265664K)
[2019-09-22T22:26:41.840-0800][910.208s] GC(44) Pause Full (System.gc()) 355M->217M(986M) 740.597ms
[2019-09-22T22:26:41.840-0800][910.208s] GC(44) User=2.39s Sys=0.01s Real=0.75s
[2019-09-22T22:26:53.663-0800][922.031s] GC(45) Pause Young (Allocation Failure)
[2019-09-22T22:26:53.680-0800][922.049s] GC(45) PSYoungGen: 500224K->32572K(598016K)
[2019-09-22T22:26:53.680-0800][922.049s] GC(45) ParOldGen: 223120K->223128K(437248K)
[2019-09-22T22:26:53.680-0800][922.049s] GC(45) Metaspace: 222017K->222017K(1265664K)
[2019-09-22T22:26:53.680-0800][922.049s] GC(45) Pause Young (Allocation Failure) 706M->249M(1011M) 17.199ms
[2019-09-22T22:26:53.680-0800][922.049s] GC(45) User=0.06s Sys=0.00s Real=0.02s
[2019-09-22T22:26:54.490-0800][922.859s] GC(46) Pause Young (Allocation Failure)
[2019-09-22T22:26:54.513-0800][922.881s] GC(46) PSYoungGen: 525628K->43413K(536576K)
[2019-09-22T22:26:54.513-0800][922.881s] GC(46) ParOldGen: 223128K->223136K(437248K)
[2019-09-22T22:26:54.513-0800][922.881s] GC(46) Metaspace: 222051K->222051K(1265664K)
[2019-09-22T22:26:54.513-0800][922.881s] GC(46) Pause Young (Allocation Failure) 731M->260M(951M) 22.801ms
[2019-09-22T22:26:54.513-0800][922.882s] GC(46) User=0.08s Sys=0.01s Real=0.02s
[2019-09-22T22:26:55.023-0800][923.391s] GC(47) Pause Young (Allocation Failure)
[2019-09-22T22:26:55.046-0800][923.415s] GC(47) PSYoungGen: 536469K->53385K(590848K)
[2019-09-22T22:26:55.046-0800][923.415s] GC(47) ParOldGen: 223136K->223136K(437248K)
[2019-09-22T22:26:55.046-0800][923.415s] GC(47) Metaspace: 222112K->222112K(1265664K)
[2019-09-22T22:26:55.046-0800][923.415s] GC(47) Pause Young (Allocation Failure) 741M->270M(1004M) 23.147ms
[2019-09-22T22:26:55.046-0800][923.415s] GC(47) User=0.09s Sys=0.00s Real=0.02s
[2019-09-22T22:26:56.216-0800][924.585s] GC(48) Pause Young (Allocation Failure)
[2019-09-22T22:26:56.251-0800][924.620s] GC(48) PSYoungGen: 548489K->90503K(588800K)
[2019-09-22T22:26:56.251-0800][924.620s] GC(48) ParOldGen: 223136K->223144K(437248K)
[2019-09-22T22:26:56.251-0800][924.620s] GC(48) Metaspace: 222981K->222981K(1265664K)
[2019-09-22T22:26:56.251-0800][924.620s] GC(48) Pause Young (Allocation Failure) 753M->306M(1002M) 35.391ms
[2019-09-22T22:26:56.251-0800][924.620s] GC(48) User=0.13s Sys=0.00s Real=0.04s
[2019-09-22T22:26:58.437-0800][926.806s] GC(49) Pause Young (GCLocker Initiated GC)
[2019-09-22T22:26:58.508-0800][926.877s] GC(49) PSYoungGen: 585607K->105956K(552960K)
[2019-09-22T22:26:58.508-0800][926.877s] GC(49) ParOldGen: 223240K->236651K(437248K)
[2019-09-22T22:26:58.508-0800][926.877s] GC(49) Metaspace: 236076K->236076K(1267712K)
[2019-09-22T22:26:58.508-0800][926.877s] GC(49) Pause Young (GCLocker Initiated GC) 789M->334M(967M) 70.541ms
[2019-09-22T22:26:58.508-0800][926.877s] GC(49) User=0.21s Sys=0.01s Real=0.07s
[2019-09-22T22:27:00.213-0800][928.582s] GC(50) Pause Young (Allocation Failure)
[2019-09-22T22:27:00.272-0800][928.640s] GC(50) PSYoungGen: 552932K->125816K(572928K)
[2019-09-22T22:27:00.272-0800][928.640s] GC(50) ParOldGen: 236653K->236661K(437248K)
[2019-09-22T22:27:00.272-0800][928.640s] GC(50) Metaspace: 240504K->240504K(1273856K)
[2019-09-22T22:27:00.272-0800][928.640s] GC(50) Pause Young (Allocation Failure) 771M->353M(986M) 58.843ms
[2019-09-22T22:27:00.272-0800][928.640s] GC(50) User=0.21s Sys=0.01s Real=0.06s
[2019-09-22T22:27:01.535-0800][929.904s] GC(51) Pause Young (Allocation Failure)
[2019-09-22T22:27:01.606-0800][929.974s] GC(51) PSYoungGen: 572792K->125936K(494080K)
[2019-09-22T22:27:01.606-0800][929.974s] GC(51) ParOldGen: 236661K->251845K(437248K)
[2019-09-22T22:27:01.606-0800][929.974s] GC(51) Metaspace: 245701K->245701K(1280000K)
[2019-09-22T22:27:01.606-0800][929.975s] GC(51) Pause Young (Allocation Failure) 790M->368M(909M) 70.458ms
[2019-09-22T22:27:01.606-0800][929.975s] GC(51) User=0.26s Sys=0.00s Real=0.07s
[2019-09-22T22:27:02.482-0800][930.850s] GC(52) Pause Young (Allocation Failure)
[2019-09-22T22:27:02.547-0800][930.916s] GC(52) PSYoungGen: 494064K->136856K(505344K)
[2019-09-22T22:27:02.547-0800][930.916s] GC(52) ParOldGen: 251845K->251845K(437248K)
[2019-09-22T22:27:02.547-0800][930.916s] GC(52) Metaspace: 253495K->253495K(1286144K)
[2019-09-22T22:27:02.547-0800][930.916s] GC(52) Pause Young (Allocation Failure) 728M->379M(920M) 65.829ms
[2019-09-22T22:27:02.548-0800][930.916s] GC(52) User=0.24s Sys=0.00s Real=0.06s
[2019-09-22T22:27:03.661-0800][932.030s] GC(53) Pause Young (Allocation Failure)
[2019-09-22T22:27:03.738-0800][932.107s] GC(53) PSYoungGen: 504984K->155312K(481792K)
[2019-09-22T22:27:03.738-0800][932.107s] GC(53) ParOldGen: 251845K->251845K(437248K)
[2019-09-22T22:27:03.738-0800][932.107s] GC(53) Metaspace: 272579K->272579K(1304576K)
[2019-09-22T22:27:03.738-0800][932.107s] GC(53) Pause Young (Allocation Failure) 739M->397M(897M) 77.099ms
[2019-09-22T22:27:03.738-0800][932.107s] GC(53) User=0.29s Sys=0.00s Real=0.07s
[2019-09-22T22:27:04.417-0800][932.786s] GC(54) Pause Young (Allocation Failure)
[2019-09-22T22:27:04.510-0800][932.879s] GC(54) PSYoungGen: 456880K->167847K(469504K)
[2019-09-22T22:27:04.510-0800][932.879s] GC(54) ParOldGen: 251845K->251845K(437248K)
[2019-09-22T22:27:04.510-0800][932.879s] GC(54) Metaspace: 280652K->280652K(1310720K)
[2019-09-22T22:27:04.510-0800][932.879s] GC(54) Pause Young (Allocation Failure) 692M->409M(885M) 92.735ms
[2019-09-22T22:27:04.510-0800][932.879s] GC(54) User=0.34s Sys=0.00s Real=0.10s
[2019-09-22T22:27:05.140-0800][933.509s] GC(55) Pause Young (Allocation Failure)
[2019-09-22T22:27:05.231-0800][933.599s] GC(55) PSYoungGen: 469415K->176291K(450560K)
[2019-09-22T22:27:05.231-0800][933.599s] GC(55) ParOldGen: 251845K->251845K(437248K)
[2019-09-22T22:27:05.231-0800][933.599s] GC(55) Metaspace: 285301K->285301K(1314816K)
[2019-09-22T22:27:05.231-0800][933.599s] GC(55) Pause Young (Allocation Failure) 704M->418M(867M) 90.922ms
[2019-09-22T22:27:05.231-0800][933.600s] GC(55) User=0.33s Sys=0.00s Real=0.09s
[2019-09-22T22:27:06.656-0800][935.025s] GC(56) Pause Young (Allocation Failure)
[2019-09-22T22:27:06.773-0800][935.141s] GC(56) PSYoungGen: 409251K->185621K(465920K)
[2019-09-22T22:27:06.773-0800][935.141s] GC(56) ParOldGen: 251845K->251845K(437248K)
[2019-09-22T22:27:06.773-0800][935.141s] GC(56) Metaspace: 293482K->293482K(1323008K)
[2019-09-22T22:27:06.773-0800][935.141s] GC(56) Pause Young (Allocation Failure) 645M->427M(882M) 116.441ms
[2019-09-22T22:27:06.773-0800][935.142s] GC(56) User=0.41s Sys=0.00s Real=0.12s
[2019-09-22T22:27:07.294-0800][935.662s] GC(57) Pause Young (Allocation Failure)
[2019-09-22T22:27:07.412-0800][935.781s] GC(57) PSYoungGen: 418581K->195750K(465920K)
[2019-09-22T22:27:07.437-0800][935.806s] GC(57) ParOldGen: 251845K->251853K(437248K)
[2019-09-22T22:27:07.437-0800][935.806s] GC(57) Metaspace: 300598K->300598K(1329152K)
[2019-09-22T22:27:07.437-0800][935.806s] GC(57) Pause Young (Allocation Failure) 654M->437M(882M) 143.294ms
[2019-09-22T22:27:07.437-0800][935.806s] GC(57) User=0.47s Sys=0.01s Real=0.14s
[2019-09-22T22:27:07.854-0800][936.223s] GC(58) Pause Young (Allocation Failure)
[2019-09-22T22:27:07.968-0800][936.337s] GC(58) PSYoungGen: 428710K->177491K(465920K)
[2019-09-22T22:27:07.968-0800][936.337s] GC(58) ParOldGen: 251853K->276572K(437248K)
[2019-09-22T22:27:07.968-0800][936.337s] GC(58) Metaspace: 303415K->303415K(1333248K)
[2019-09-22T22:27:07.968-0800][936.337s] GC(58) Pause Young (Allocation Failure) 664M->443M(882M) 113.742ms
[2019-09-22T22:27:07.968-0800][936.337s] GC(58) User=0.41s Sys=0.00s Real=0.11s
[2019-09-22T22:27:08.550-0800][936.919s] GC(59) Pause Young (Allocation Failure)
[2019-09-22T22:27:08.659-0800][937.028s] GC(59) PSYoungGen: 410451K->140978K(465920K)
[2019-09-22T22:27:08.660-0800][937.028s] GC(59) ParOldGen: 276572K->321623K(437248K)
[2019-09-22T22:27:08.660-0800][937.028s] GC(59) Metaspace: 307746K->307746K(1337344K)
[2019-09-22T22:27:08.660-0800][937.028s] GC(59) Pause Young (Allocation Failure) 670M->451M(882M) 109.385ms
[2019-09-22T22:27:08.660-0800][937.028s] GC(59) User=0.38s Sys=0.02s Real=0.11s
[2019-09-22T22:27:09.213-0800][937.582s] GC(60) Pause Young (Allocation Failure)
[2019-09-22T22:27:09.337-0800][937.705s] GC(60) PSYoungGen: 373938K->118664K(465920K)
[2019-09-22T22:27:09.337-0800][937.705s] GC(60) ParOldGen: 321623K->352529K(437248K)
[2019-09-22T22:27:09.337-0800][937.705s] GC(60) Metaspace: 312491K->312491K(1341440K)
[2019-09-22T22:27:09.337-0800][937.705s] GC(60) Pause Young (Allocation Failure) 679M->460M(882M) 123.735ms
[2019-09-22T22:27:09.337-0800][937.705s] GC(60) User=0.34s Sys=0.01s Real=0.12s
[2019-09-22T22:27:09.972-0800][938.340s] GC(61) Pause Young (Allocation Failure)
[2019-09-22T22:27:10.082-0800][938.451s] GC(61) PSYoungGen: 351624K->94855K(465920K)
[2019-09-22T22:27:10.082-0800][938.451s] GC(61) ParOldGen: 352529K->382198K(437248K)
[2019-09-22T22:27:10.082-0800][938.451s] GC(61) Metaspace: 316034K->316034K(1343488K)
[2019-09-22T22:27:10.082-0800][938.451s] GC(61) Pause Young (Allocation Failure) 687M->465M(882M) 110.696ms
[2019-09-22T22:27:10.082-0800][938.451s] GC(61) User=0.28s Sys=0.01s Real=0.11s
[2019-09-22T22:27:11.631-0800][940.000s] GC(62) Pause Young (Allocation Failure)
[2019-09-22T22:27:11.727-0800][940.096s] GC(62) PSYoungGen: 327815K->73167K(465920K)
[2019-09-22T22:27:11.727-0800][940.096s] GC(62) ParOldGen: 382198K->414268K(437248K)
[2019-09-22T22:27:11.727-0800][940.096s] GC(62) Metaspace: 318171K->318171K(1345536K)
[2019-09-22T22:27:11.727-0800][940.096s] GC(62) Pause Young (Allocation Failure) 693M->476M(882M) 96.262ms
[2019-09-22T22:27:11.727-0800][940.096s] GC(62) User=0.26s Sys=0.01s Real=0.09s
[2019-09-22T22:27:11.728-0800][940.096s] GC(63) Pause Full (Ergonomics)
[2019-09-22T22:27:11.728-0800][940.097s] GC(63) Marking Phase
[2019-09-22T22:27:12.114-0800][940.483s] GC(63) Marking Phase 386.375ms
[2019-09-22T22:27:12.114-0800][940.483s] GC(63) Summary Phase
[2019-09-22T22:27:12.114-0800][940.483s] GC(63) Summary Phase 0.035ms
[2019-09-22T22:27:12.114-0800][940.483s] GC(63) Adjust Roots
[2019-09-22T22:27:12.246-0800][940.615s] GC(63) Adjust Roots 132.035ms
[2019-09-22T22:27:12.246-0800][940.615s] GC(63) Compaction Phase
[2019-09-22T22:27:13.069-0800][941.438s] GC(63) Compaction Phase 822.764ms
[2019-09-22T22:27:13.071-0800][941.439s] GC(63) Post Compact
[2019-09-22T22:27:13.072-0800][941.441s] GC(63) Post Compact 1.555ms
[2019-09-22T22:27:13.073-0800][941.442s] GC(63) PSYoungGen: 73167K->19284K(465920K)
[2019-09-22T22:27:13.073-0800][941.442s] GC(63) ParOldGen: 414268K->437048K(700928K)
[2019-09-22T22:27:13.073-0800][941.442s] GC(63) Metaspace: 318171K->318153K(1345536K)
[2019-09-22T22:27:13.073-0800][941.442s] GC(63) Pause Full (Ergonomics) 476M->445M(1139M) 1345.620ms
[2019-09-22T22:27:13.073-0800][941.442s] GC(63) User=4.20s Sys=0.03s Real=1.35s
[2019-09-22T22:27:14.163-0800][942.532s] GC(64) Pause Young (Allocation Failure)
[2019-09-22T22:27:14.239-0800][942.608s] GC(64) PSYoungGen: 252244K->21886K(465920K)
[2019-09-22T22:27:14.239-0800][942.608s] GC(64) ParOldGen: 437048K->443788K(700928K)
[2019-09-22T22:27:14.239-0800][942.608s] GC(64) Metaspace: 318399K->318399K(1345536K)
[2019-09-22T22:27:14.239-0800][942.608s] GC(64) Pause Young (Allocation Failure) 673M->454M(1139M) 76.131ms
[2019-09-22T22:27:14.240-0800][942.608s] GC(64) User=0.28s Sys=0.00s Real=0.08s
[2019-09-22T22:27:14.941-0800][943.310s] GC(65) Pause Young (Allocation Failure)
[2019-09-22T22:27:14.959-0800][943.327s] GC(65) PSYoungGen: 254846K->18913K(465920K)
[2019-09-22T22:27:14.959-0800][943.327s] GC(65) ParOldGen: 443788K->449288K(700928K)
[2019-09-22T22:27:14.959-0800][943.327s] GC(65) Metaspace: 320262K->320262K(1347584K)
[2019-09-22T22:27:14.959-0800][943.327s] GC(65) Pause Young (Allocation Failure) 682M->457M(1139M) 17.393ms
[2019-09-22T22:27:14.959-0800][943.327s] GC(65) User=0.06s Sys=0.00s Real=0.01s
[2019-09-22T22:27:15.657-0800][944.026s] GC(66) Pause Young (Allocation Failure)
[2019-09-22T22:27:15.674-0800][944.043s] GC(66) PSYoungGen: 251873K->16855K(465920K)
[2019-09-22T22:27:15.674-0800][944.043s] GC(66) ParOldGen: 449288K->453956K(700928K)
[2019-09-22T22:27:15.674-0800][944.043s] GC(66) Metaspace: 321061K->321061K(1347584K)
[2019-09-22T22:27:15.674-0800][944.043s] GC(66) Pause Young (Allocation Failure) 684M->459M(1139M) 17.091ms
[2019-09-22T22:27:15.674-0800][944.043s] GC(66) User=0.06s Sys=0.00s Real=0.02s
[2019-09-22T22:27:16.419-0800][944.787s] GC(67) Pause Young (Allocation Failure)
[2019-09-22T22:27:16.438-0800][944.806s] GC(67) PSYoungGen: 249815K->19119K(465920K)
[2019-09-22T22:27:16.438-0800][944.806s] GC(67) ParOldGen: 453956K->455420K(700928K)
[2019-09-22T22:27:16.438-0800][944.806s] GC(67) Metaspace: 322438K->322438K(1349632K)
[2019-09-22T22:27:16.438-0800][944.807s] GC(67) Pause Young (Allocation Failure) 687M->463M(1139M) 19.075ms
[2019-09-22T22:27:16.438-0800][944.807s] GC(67) User=0.06s Sys=0.00s Real=0.02s
[2019-09-22T22:27:16.949-0800][945.318s] GC(68) Pause Young (Allocation Failure)
[2019-09-22T22:27:16.979-0800][945.348s] GC(68) PSYoungGen: 252079K->7552K(465920K)
[2019-09-22T22:27:16.979-0800][945.348s] GC(68) ParOldGen: 455420K->467126K(700928K)
[2019-09-22T22:27:16.979-0800][945.348s] GC(68) Metaspace: 322589K->322589K(1349632K)
[2019-09-22T22:27:16.979-0800][945.348s] GC(68) Pause Young (Allocation Failure) 690M->463M(1139M) 30.129ms
[2019-09-22T22:27:16.979-0800][945.348s] GC(68) User=0.07s Sys=0.01s Real=0.03s
[2019-09-22T22:27:17.940-0800][946.309s] GC(69) Pause Young (Allocation Failure)
[2019-09-22T22:27:17.957-0800][946.325s] GC(69) PSYoungGen: 240512K->3428K(465920K)
[2019-09-22T22:27:17.957-0800][946.325s] GC(69) ParOldGen: 467126K->474204K(700928K)
[2019-09-22T22:27:17.957-0800][946.325s] GC(69) Metaspace: 324593K->324593K(1351680K)
[2019-09-22T22:27:17.957-0800][946.325s] GC(69) Pause Young (Allocation Failure) 691M->466M(1139M) 16.439ms
[2019-09-22T22:27:17.957-0800][946.325s] GC(69) User=0.06s Sys=0.01s Real=0.01s
[2019-09-22T22:27:18.652-0800][947.020s] GC(70) Pause Young (Allocation Failure)
[2019-09-22T22:27:18.662-0800][947.031s] GC(70) PSYoungGen: 236388K->3030K(462848K)
[2019-09-22T22:27:18.662-0800][947.031s] GC(70) ParOldGen: 474204K->477429K(700928K)
[2019-09-22T22:27:18.662-0800][947.031s] GC(70) Metaspace: 325275K->325275K(1351680K)
[2019-09-22T22:27:18.662-0800][947.031s] GC(70) Pause Young (Allocation Failure) 693M->469M(1136M) 10.429ms
[2019-09-22T22:27:18.662-0800][947.031s] GC(70) User=0.03s Sys=0.01s Real=0.01s
[2019-09-22T22:27:20.638-0800][949.006s] GC(71) Pause Young (Allocation Failure)
[2019-09-22T22:27:20.652-0800][949.021s] GC(71) PSYoungGen: 235990K->7939K(241152K)
[2019-09-22T22:27:20.652-0800][949.021s] GC(71) ParOldGen: 477429K->477437K(700928K)
[2019-09-22T22:27:20.652-0800][949.021s] GC(71) Metaspace: 327465K->327465K(1353728K)
[2019-09-22T22:27:20.652-0800][949.021s] GC(71) Pause Young (Allocation Failure) 696M->474M(920M) 14.232ms
[2019-09-22T22:27:20.652-0800][949.021s] GC(71) User=0.04s Sys=0.00s Real=0.02s
[2019-09-22T22:27:21.577-0800][949.946s] GC(72) Pause Young (Allocation Failure)
[2019-09-22T22:27:21.589-0800][949.958s] GC(72) PSYoungGen: 240899K->10569K(459264K)
[2019-09-22T22:27:21.589-0800][949.958s] GC(72) ParOldGen: 477437K->477445K(700928K)
[2019-09-22T22:27:21.589-0800][949.958s] GC(72) Metaspace: 329013K->329013K(1355776K)
[2019-09-22T22:27:21.589-0800][949.958s] GC(72) Pause Young (Allocation Failure) 701M->476M(1133M) 11.834ms
[2019-09-22T22:27:21.589-0800][949.958s] GC(72) User=0.04s Sys=0.00s Real=0.01s
[2019-09-22T22:27:22.135-0800][950.504s] GC(73) Pause Young (Allocation Failure)
[2019-09-22T22:27:22.145-0800][950.514s] GC(73) PSYoungGen: 255817K->10777K(460288K)
[2019-09-22T22:27:22.145-0800][950.514s] GC(73) ParOldGen: 477445K->477445K(700928K)
[2019-09-22T22:27:22.145-0800][950.514s] GC(73) Metaspace: 329072K->329072K(1355776K)
[2019-09-22T22:27:22.145-0800][950.514s] GC(73) Pause Young (Allocation Failure) 716M->476M(1134M) 10.144ms
[2019-09-22T22:27:22.145-0800][950.514s] GC(73) User=0.03s Sys=0.00s Real=0.01s
[2019-09-22T22:27:23.080-0800][951.449s] GC(74) Pause Young (Allocation Failure)
[2019-09-22T22:27:23.096-0800][951.465s] GC(74) PSYoungGen: 256025K->16389K(441856K)
[2019-09-22T22:27:23.096-0800][951.465s] GC(74) ParOldGen: 477445K->477453K(700928K)
[2019-09-22T22:27:23.096-0800][951.465s] GC(74) Metaspace: 329129K->329129K(1355776K)
[2019-09-22T22:27:23.096-0800][951.465s] GC(74) Pause Young (Allocation Failure) 716M->482M(1116M) 16.224ms
[2019-09-22T22:27:23.096-0800][951.465s] GC(74) User=0.06s Sys=0.00s Real=0.01s
[2019-09-22T22:27:26.423-0800][954.791s] GC(75) Pause Young (Allocation Failure)
[2019-09-22T22:27:26.446-0800][954.815s] GC(75) PSYoungGen: 273413K->33960K(291328K)
[2019-09-22T22:27:26.446-0800][954.815s] GC(75) ParOldGen: 477453K->477461K(700928K)
[2019-09-22T22:27:26.446-0800][954.815s] GC(75) Metaspace: 335358K->335358K(1361920K)
[2019-09-22T22:27:26.446-0800][954.815s] GC(75) Pause Young (Allocation Failure) 733M->499M(969M) 23.846ms
[2019-09-22T22:27:26.446-0800][954.815s] GC(75) User=0.08s Sys=0.00s Real=0.02s
[2019-09-22T22:27:29.517-0800][957.886s] GC(76) Pause Young (Allocation Failure)
[2019-09-22T22:27:29.576-0800][957.945s] GC(76) PSYoungGen: 290984K->42231K(422400K)
[2019-09-22T22:27:29.576-0800][957.945s] GC(76) ParOldGen: 477461K->477469K(700928K)
[2019-09-22T22:27:29.576-0800][957.945s] GC(76) Metaspace: 339273K->339273K(1366016K)
[2019-09-22T22:27:29.576-0800][957.945s] GC(76) Pause Young (Allocation Failure) 750M->507M(1097M) 58.724ms
[2019-09-22T22:27:29.576-0800][957.945s] GC(76) User=0.08s Sys=0.10s Real=0.06s
[2019-09-22T22:27:33.785-0800][962.154s] GC(77) Pause Young (Allocation Failure)
[2019-09-22T22:27:33.808-0800][962.176s] GC(77) PSYoungGen: 310007K->35123K(303104K)
[2019-09-22T22:27:33.808-0800][962.176s] GC(77) ParOldGen: 477469K->477477K(700928K)
[2019-09-22T22:27:33.808-0800][962.176s] GC(77) Metaspace: 339809K->339809K(1366016K)
[2019-09-22T22:27:33.808-0800][962.176s] GC(77) Pause Young (Allocation Failure) 769M->500M(980M) 22.367ms
[2019-09-22T22:27:33.808-0800][962.176s] GC(77) User=0.07s Sys=0.00s Real=0.02s
[2019-09-22T22:27:41.395-0800][969.764s] GC(78) Pause Young (Allocation Failure)
[2019-09-22T22:27:41.442-0800][969.810s] GC(78) PSYoungGen: 302899K->40070K(410112K)
[2019-09-22T22:27:41.442-0800][969.810s] GC(78) ParOldGen: 477477K->477485K(700928K)
[2019-09-22T22:27:41.442-0800][969.810s] GC(78) Metaspace: 340268K->340268K(1366016K)
[2019-09-22T22:27:41.442-0800][969.810s] GC(78) Pause Young (Allocation Failure) 762M->505M(1085M) 46.672ms
[2019-09-22T22:27:41.442-0800][969.810s] GC(78) User=0.07s Sys=0.07s Real=0.05s
[2019-09-22T22:28:25.121-0800][1013.490s] GC(79) Pause Young (Allocation Failure)
[2019-09-22T22:28:25.156-0800][1013.524s] GC(79) PSYoungGen: 316038K->44238K(320512K)
[2019-09-22T22:28:25.156-0800][1013.524s] GC(79) ParOldGen: 477485K->477493K(700928K)
[2019-09-22T22:28:25.156-0800][1013.524s] GC(79) Metaspace: 346603K->346603K(1372160K)
[2019-09-22T22:28:25.156-0800][1013.524s] GC(79) Pause Young (Allocation Failure) 774M->509M(997M) 34.592ms
[2019-09-22T22:28:25.156-0800][1013.524s] GC(79) User=0.09s Sys=0.01s Real=0.03s
[2019-09-22T22:31:15.038-0800][1183.405s] GC(80) Pause Young (Allocation Failure)
[2019-09-22T22:31:15.310-0800][1183.677s] GC(80) PSYoungGen: 320206K->50897K(404992K)
[2019-09-22T22:31:15.310-0800][1183.677s] GC(80) ParOldGen: 477493K->477501K(700928K)
[2019-09-22T22:31:15.310-0800][1183.677s] GC(80) Metaspace: 347742K->347742K(1372160K)
[2019-09-22T22:31:15.310-0800][1183.677s] GC(80) Pause Young (Allocation Failure) 779M->516M(1080M) 272.104ms
[2019-09-22T22:31:15.311-0800][1183.677s] GC(80) User=0.17s Sys=0.38s Real=0.28s
[2019-09-22T22:31:18.526-0800][1186.893s] GC(81) Pause Young (Allocation Failure)
[2019-09-22T22:31:18.592-0800][1186.959s] GC(81) PSYoungGen: 332497K->59761K(412160K)
[2019-09-22T22:31:18.592-0800][1186.959s] GC(81) ParOldGen: 477501K->477509K(700928K)
[2019-09-22T22:31:18.592-0800][1186.959s] GC(81) Metaspace: 354679K->354679K(1380352K)
[2019-09-22T22:31:18.592-0800][1186.959s] GC(81) Pause Young (Allocation Failure) 791M->524M(1087M) 65.840ms
[2019-09-22T22:31:18.592-0800][1186.959s] GC(81) User=0.12s Sys=0.07s Real=0.07s
[2019-09-22T22:31:20.557-0800][1188.924s] GC(82) Pause Young (Allocation Failure)
[2019-09-22T22:31:20.621-0800][1188.988s] GC(82) PSYoungGen: 341361K->67783K(417280K)
[2019-09-22T22:31:20.621-0800][1188.988s] GC(82) ParOldGen: 477509K->477509K(700928K)
[2019-09-22T22:31:20.621-0800][1188.988s] GC(82) Metaspace: 354679K->354679K(1380352K)
[2019-09-22T22:31:20.621-0800][1188.988s] GC(82) Pause Young (Allocation Failure) 799M->532M(1092M) 64.105ms
[2019-09-22T22:31:20.621-0800][1188.988s] GC(82) User=0.14s Sys=0.06s Real=0.07s
[2019-09-22T22:31:22.486-0800][1190.852s] GC(83) Pause Young (Allocation Failure)
[2019-09-22T22:31:22.554-0800][1190.921s] GC(83) PSYoungGen: 357063K->71784K(417280K)
[2019-09-22T22:31:22.554-0800][1190.921s] GC(83) ParOldGen: 477509K->477509K(700928K)
[2019-09-22T22:31:22.554-0800][1190.921s] GC(83) Metaspace: 354681K->354681K(1380352K)
[2019-09-22T22:31:22.554-0800][1190.921s] GC(83) Pause Young (Allocation Failure) 815M->536M(1092M) 68.900ms
[2019-09-22T22:31:22.554-0800][1190.921s] GC(83) User=0.14s Sys=0.07s Real=0.07s
[2019-09-22T22:31:24.617-0800][1192.984s] GC(84) Pause Young (Allocation Failure)
[2019-09-22T22:31:24.694-0800][1193.061s] GC(84) PSYoungGen: 361064K->75489K(430080K)
[2019-09-22T22:31:24.694-0800][1193.061s] GC(84) ParOldGen: 477509K->477509K(700928K)
[2019-09-22T22:31:24.694-0800][1193.061s] GC(84) Metaspace: 354688K->354688K(1380352K)
[2019-09-22T22:31:24.694-0800][1193.061s] GC(84) Pause Young (Allocation Failure) 818M->540M(1104M) 77.228ms
[2019-09-22T22:31:24.694-0800][1193.061s] GC(84) User=0.15s Sys=0.08s Real=0.08s
[2019-09-22T22:31:26.596-0800][1194.963s] GC(85) Pause Young (Allocation Failure)
[2019-09-22T22:31:26.703-0800][1195.070s] GC(85) PSYoungGen: 376545K->90318K(431616K)
[2019-09-22T22:31:26.703-0800][1195.070s] GC(85) ParOldGen: 477509K->480308K(700928K)
[2019-09-22T22:31:26.703-0800][1195.070s] GC(85) Metaspace: 354688K->354688K(1380352K)
[2019-09-22T22:31:26.703-0800][1195.070s] GC(85) Pause Young (Allocation Failure) 834M->557M(1106M) 106.468ms
[2019-09-22T22:31:26.703-0800][1195.070s] GC(85) User=0.20s Sys=0.10s Real=0.11s
[2019-09-22T22:31:28.901-0800][1197.268s] GC(86) Pause Young (Allocation Failure)
[2019-09-22T22:31:29.017-0800][1197.384s] GC(86) PSYoungGen: 391374K->92077K(451072K)
[2019-09-22T22:31:29.017-0800][1197.384s] GC(86) ParOldGen: 480308K->482255K(700928K)
[2019-09-22T22:31:29.017-0800][1197.384s] GC(86) Metaspace: 354703K->354703K(1380352K)
[2019-09-22T22:31:29.017-0800][1197.384s] GC(86) Pause Young (Allocation Failure) 851M->560M(1125M) 116.359ms
[2019-09-22T22:31:29.017-0800][1197.384s] GC(86) User=0.21s Sys=0.12s Real=0.11s
[2019-09-22T22:31:31.242-0800][1199.609s] GC(87) Pause Young (Allocation Failure)
[2019-09-22T22:31:31.322-0800][1199.689s] GC(87) PSYoungGen: 406445K->90557K(456192K)
[2019-09-22T22:31:31.322-0800][1199.689s] GC(87) ParOldGen: 482255K->485893K(700928K)
[2019-09-22T22:31:31.322-0800][1199.689s] GC(87) Metaspace: 354705K->354705K(1380352K)
[2019-09-22T22:31:31.322-0800][1199.689s] GC(87) Pause Young (Allocation Failure) 867M->562M(1130M) 79.802ms
[2019-09-22T22:31:31.322-0800][1199.689s] GC(87) User=0.19s Sys=0.06s Real=0.08s
[2019-09-22T22:31:33.368-0800][1201.735s] GC(88) Pause Young (Allocation Failure)
[2019-09-22T22:31:33.447-0800][1201.814s] GC(88) PSYoungGen: 404925K->103808K(474112K)
[2019-09-22T22:31:33.447-0800][1201.814s] GC(88) ParOldGen: 485893K->486941K(700928K)
[2019-09-22T22:31:33.447-0800][1201.814s] GC(88) Metaspace: 354706K->354706K(1380352K)
[2019-09-22T22:31:33.447-0800][1201.814s] GC(88) Pause Young (Allocation Failure) 869M->576M(1147M) 79.139ms
[2019-09-22T22:31:33.447-0800][1201.814s] GC(88) User=0.22s Sys=0.02s Real=0.08s
[2019-09-22T22:31:35.713-0800][1204.079s] GC(89) Pause Young (Allocation Failure)
[2019-09-22T22:31:35.802-0800][1204.169s] GC(89) PSYoungGen: 432512K->110543K(480768K)
[2019-09-22T22:31:35.802-0800][1204.169s] GC(89) ParOldGen: 486941K->489170K(700928K)
[2019-09-22T22:31:35.802-0800][1204.169s] GC(89) Metaspace: 354706K->354706K(1380352K)
[2019-09-22T22:31:35.802-0800][1204.169s] GC(89) Pause Young (Allocation Failure) 897M->585M(1154M) 89.361ms
[2019-09-22T22:31:35.802-0800][1204.169s] GC(89) User=0.23s Sys=0.04s Real=0.09s
[2019-09-22T22:31:38.276-0800][1206.643s] GC(90) Pause Young (Allocation Failure)
[2019-09-22T22:31:38.410-0800][1206.777s] GC(90) PSYoungGen: 439247K->112187K(504832K)
[2019-09-22T22:31:38.410-0800][1206.777s] GC(90) ParOldGen: 489170K->494267K(700928K)
[2019-09-22T22:31:38.410-0800][1206.777s] GC(90) Metaspace: 355672K->355672K(1380352K)
[2019-09-22T22:31:38.410-0800][1206.777s] GC(90) Pause Young (Allocation Failure) 906M->592M(1177M) 133.293ms
[2019-09-22T22:31:38.410-0800][1206.777s] GC(90) User=0.28s Sys=0.03s Real=0.14s
[2019-09-22T22:31:41.148-0800][1209.515s] GC(91) Pause Young (Allocation Failure)
[2019-09-22T22:31:41.245-0800][1209.612s] GC(91) PSYoungGen: 457275K->119108K(510976K)
[2019-09-22T22:31:41.245-0800][1209.612s] GC(91) ParOldGen: 494267K->497613K(700928K)
[2019-09-22T22:31:41.245-0800][1209.612s] GC(91) Metaspace: 361729K->361729K(1386496K)
[2019-09-22T22:31:41.245-0800][1209.612s] GC(91) Pause Young (Allocation Failure) 929M->602M(1183M) 96.792ms
[2019-09-22T22:31:41.245-0800][1209.612s] GC(91) User=0.29s Sys=0.00s Real=0.10s
[2019-09-22T22:31:42.171-0800][1210.537s] GC(92) Pause Young (Allocation Failure)
[2019-09-22T22:31:42.278-0800][1210.644s] GC(92) PSYoungGen: 464196K->114863K(518656K)
[2019-09-22T22:31:42.278-0800][1210.644s] GC(92) ParOldGen: 497613K->502472K(700928K)
[2019-09-22T22:31:42.278-0800][1210.644s] GC(92) Metaspace: 362070K->362070K(1386496K)
[2019-09-22T22:31:42.278-0800][1210.644s] GC(92) Pause Young (Allocation Failure) 939M->602M(1191M) 107.068ms
[2019-09-22T22:31:42.278-0800][1210.644s] GC(92) User=0.29s Sys=0.01s Real=0.10s
[2019-09-22T22:31:43.337-0800][1211.704s] GC(93) Pause Young (Allocation Failure)
[2019-09-22T22:31:43.429-0800][1211.796s] GC(93) PSYoungGen: 460463K->106203K(522240K)
[2019-09-22T22:31:43.429-0800][1211.796s] GC(93) ParOldGen: 502472K->507800K(700928K)
[2019-09-22T22:31:43.429-0800][1211.796s] GC(93) Metaspace: 362517K->362517K(1386496K)
[2019-09-22T22:31:43.429-0800][1211.796s] GC(93) Pause Young (Allocation Failure) 940M->599M(1194M) 92.206ms
[2019-09-22T22:31:43.430-0800][1211.796s] GC(93) User=0.26s Sys=0.01s Real=0.09s
[2019-09-22T22:31:44.525-0800][1212.892s] GC(94) Pause Young (Allocation Failure)
[2019-09-22T22:31:44.620-0800][1212.986s] GC(94) PSYoungGen: 451803K->102631K(516608K)
[2019-09-22T22:31:44.620-0800][1212.986s] GC(94) ParOldGen: 507800K->513006K(700928K)
[2019-09-22T22:31:44.620-0800][1212.986s] GC(94) Metaspace: 363499K->363499K(1388544K)
[2019-09-22T22:31:44.620-0800][1212.986s] GC(94) Pause Young (Allocation Failure) 937M->601M(1189M) 94.353ms
[2019-09-22T22:31:44.620-0800][1212.987s] GC(94) User=0.29s Sys=0.00s Real=0.10s
[2019-09-22T22:31:46.291-0800][1214.658s] GC(95) Pause Young (Allocation Failure)
[2019-09-22T22:31:46.393-0800][1214.760s] GC(95) PSYoungGen: 448743K->94358K(519680K)
[2019-09-22T22:31:46.393-0800][1214.760s] GC(95) ParOldGen: 513006K->520279K(700928K)
[2019-09-22T22:31:46.393-0800][1214.760s] GC(95) Metaspace: 364875K->364875K(1388544K)
[2019-09-22T22:31:46.393-0800][1214.760s] GC(95) Pause Young (Allocation Failure) 939M->600M(1192M) 102.047ms
[2019-09-22T22:31:46.393-0800][1214.760s] GC(95) User=0.24s Sys=0.01s Real=0.10s
[2019-09-22T22:32:35.103-0800][1263.469s] GC(96) Pause Young (Allocation Failure)
[2019-09-22T22:32:35.174-0800][1263.540s] GC(96) PSYoungGen: 440470K->95638K(518144K)
[2019-09-22T22:32:35.174-0800][1263.540s] GC(96) ParOldGen: 520279K->525453K(700928K)
[2019-09-22T22:32:35.174-0800][1263.540s] GC(96) Metaspace: 366690K->366690K(1390592K)
[2019-09-22T22:32:35.174-0800][1263.540s] GC(96) Pause Young (Allocation Failure) 938M->606M(1190M) 70.962ms
[2019-09-22T22:32:35.174-0800][1263.540s] GC(96) User=0.23s Sys=0.01s Real=0.07s
[2019-09-22T22:33:40.422-0800][1328.788s] GC(97) Pause Young (Allocation Failure)
[2019-09-22T22:33:40.500-0800][1328.866s] GC(97) PSYoungGen: 453526K->91192K(520192K)
[2019-09-22T22:33:40.500-0800][1328.866s] GC(97) ParOldGen: 525453K->532736K(700928K)
[2019-09-22T22:33:40.500-0800][1328.866s] GC(97) Metaspace: 370553K->370553K(1394688K)
[2019-09-22T22:33:40.500-0800][1328.866s] GC(97) Pause Young (Allocation Failure) 956M->609M(1192M) 78.278ms
[2019-09-22T22:33:40.500-0800][1328.866s] GC(97) User=0.25s Sys=0.01s Real=0.08s
[2019-09-22T22:33:42.472-0800][1330.838s] GC(98) Pause Young (Allocation Failure)
[2019-09-22T22:33:42.548-0800][1330.914s] GC(98) PSYoungGen: 449080K->99410K(534016K)
[2019-09-22T22:33:42.548-0800][1330.914s] GC(98) ParOldGen: 532736K->538493K(700928K)
[2019-09-22T22:33:42.548-0800][1330.914s] GC(98) Metaspace: 375923K->375923K(1398784K)
[2019-09-22T22:33:42.548-0800][1330.914s] GC(98) Pause Young (Allocation Failure) 958M->622M(1206M) 75.494ms
[2019-09-22T22:33:42.548-0800][1330.914s] GC(98) User=0.23s Sys=0.00s Real=0.07s
[2019-09-22T22:33:43.132-0800][1331.498s] GC(99) Pause Young (Allocation Failure)
[2019-09-22T22:33:43.200-0800][1331.566s] GC(99) PSYoungGen: 477968K->93272K(531968K)
[2019-09-22T22:33:43.200-0800][1331.566s] GC(99) ParOldGen: 538493K->543481K(700928K)
[2019-09-22T22:33:43.200-0800][1331.566s] GC(99) Metaspace: 376866K->376866K(1400832K)
[2019-09-22T22:33:43.200-0800][1331.566s] GC(99) Pause Young (Allocation Failure) 992M->621M(1204M) 68.402ms
[2019-09-22T22:33:43.200-0800][1331.566s] GC(99) User=0.21s Sys=0.00s Real=0.07s
[2019-09-22T22:33:44.547-0800][1332.913s] GC(100) Pause Young (Allocation Failure)
[2019-09-22T22:33:44.627-0800][1332.993s] GC(100) PSYoungGen: 472152K->90361K(540160K)
[2019-09-22T22:33:44.627-0800][1332.993s] GC(100) ParOldGen: 543481K->551182K(700928K)
[2019-09-22T22:33:44.627-0800][1332.993s] GC(100) Metaspace: 378535K->378535K(1400832K)
[2019-09-22T22:33:44.627-0800][1332.993s] GC(100) Pause Young (Allocation Failure) 991M->626M(1212M) 79.546ms
[2019-09-22T22:33:44.627-0800][1332.993s] GC(100) User=0.24s Sys=0.01s Real=0.08s
[2019-09-22T22:33:45.603-0800][1333.969s] GC(101) Pause Young (Allocation Failure)
[2019-09-22T22:33:45.677-0800][1334.043s] GC(101) PSYoungGen: 486649K->89226K(538624K)
[2019-09-22T22:33:45.677-0800][1334.043s] GC(101) ParOldGen: 551182K->560698K(700928K)
[2019-09-22T22:33:45.677-0800][1334.043s] GC(101) Metaspace: 380286K->380286K(1402880K)
[2019-09-22T22:33:45.677-0800][1334.043s] GC(101) Pause Young (Allocation Failure) 1013M->634M(1210M) 73.432ms
[2019-09-22T22:33:45.677-0800][1334.043s] GC(101) User=0.23s Sys=0.01s Real=0.07s
[2019-09-22T22:33:46.896-0800][1335.262s] GC(102) Pause Young (Allocation Failure)
[2019-09-22T22:33:46.978-0800][1335.344s] GC(102) PSYoungGen: 485514K->96790K(551936K)
[2019-09-22T22:33:46.978-0800][1335.344s] GC(102) ParOldGen: 560698K->567334K(700928K)
[2019-09-22T22:33:46.978-0800][1335.344s] GC(102) Metaspace: 380903K->380903K(1402880K)
[2019-09-22T22:33:46.978-0800][1335.344s] GC(102) Pause Young (Allocation Failure) 1021M->648M(1223M) 82.037ms
[2019-09-22T22:33:46.978-0800][1335.344s] GC(102) User=0.25s Sys=0.01s Real=0.08s
[2019-09-22T22:33:48.118-0800][1336.484s] GC(103) Pause Young (Allocation Failure)
[2019-09-22T22:33:48.175-0800][1336.541s] GC(103) PSYoungGen: 511510K->69523K(549888K)
[2019-09-22T22:33:48.175-0800][1336.541s] GC(103) ParOldGen: 567334K->576067K(700928K)
[2019-09-22T22:33:48.175-0800][1336.541s] GC(103) Metaspace: 380945K->380945K(1402880K)
[2019-09-22T22:33:48.175-0800][1336.541s] GC(103) Pause Young (Allocation Failure) 1053M->630M(1221M) 57.015ms
[2019-09-22T22:33:48.175-0800][1336.541s] GC(103) User=0.18s Sys=0.01s Real=0.06s
[2019-09-22T22:33:50.481-0800][1338.847s] GC(104) Pause Young (Allocation Failure)
[2019-09-22T22:33:50.550-0800][1338.916s] GC(104) PSYoungGen: 484243K->54895K(559104K)
[2019-09-22T22:33:50.551-0800][1338.916s] GC(104) ParOldGen: 576067K->587454K(700928K)
[2019-09-22T22:33:50.551-0800][1338.916s] GC(104) Metaspace: 381436K->381436K(1402880K)
[2019-09-22T22:33:50.551-0800][1338.916s] GC(104) Pause Young (Allocation Failure) 1035M->627M(1230M) 69.671ms
[2019-09-22T22:33:50.551-0800][1338.916s] GC(104) User=0.20s Sys=0.00s Real=0.07s
[2019-09-22T22:34:47.012-0800][1395.377s] GC(105) Pause Young (Allocation Failure)
[2019-09-22T22:34:47.107-0800][1395.472s] GC(105) PSYoungGen: 479855K->50795K(560640K)
[2019-09-22T22:34:47.107-0800][1395.472s] GC(105) ParOldGen: 587454K->598474K(700928K)
[2019-09-22T22:34:47.107-0800][1395.472s] GC(105) Metaspace: 391502K->391502K(1413120K)
[2019-09-22T22:34:47.107-0800][1395.472s] GC(105) Pause Young (Allocation Failure) 1042M->634M(1232M) 95.091ms
[2019-09-22T22:34:47.107-0800][1395.472s] GC(105) User=0.17s Sys=0.14s Real=0.09s
[2019-09-22T22:35:07.436-0800][1415.801s] GC(106) Pause Young (Allocation Failure)
[2019-09-22T22:35:07.484-0800][1415.849s] GC(106) PSYoungGen: 475755K->54349K(562688K)
[2019-09-22T22:35:07.484-0800][1415.849s] GC(106) ParOldGen: 598474K->603368K(700928K)
[2019-09-22T22:35:07.484-0800][1415.849s] GC(106) Metaspace: 393031K->393031K(1413120K)
[2019-09-22T22:35:07.484-0800][1415.849s] GC(106) Pause Young (Allocation Failure) 1049M->642M(1234M) 47.972ms
[2019-09-22T22:35:07.484-0800][1415.849s] GC(106) User=0.17s Sys=0.00s Real=0.05s
[2019-09-22T22:35:08.768-0800][1417.133s] GC(107) Pause Young (Allocation Failure)
[2019-09-22T22:35:08.817-0800][1417.183s] GC(107) PSYoungGen: 481357K->57050K(484352K)
[2019-09-22T22:35:08.818-0800][1417.183s] GC(107) ParOldGen: 603368K->603603K(700928K)
[2019-09-22T22:35:08.818-0800][1417.183s] GC(107) Metaspace: 393084K->393084K(1413120K)
[2019-09-22T22:35:08.818-0800][1417.183s] GC(107) Pause Young (Allocation Failure) 1059M->645M(1157M) 49.722ms
[2019-09-22T22:35:08.818-0800][1417.183s] GC(107) User=0.13s Sys=0.03s Real=0.05s
[2019-09-22T22:35:10.941-0800][1419.307s] GC(108) Pause Young (Allocation Failure)
[2019-09-22T22:35:10.982-0800][1419.347s] GC(108) PSYoungGen: 484058K->53558K(562688K)
[2019-09-22T22:35:10.982-0800][1419.347s] GC(108) ParOldGen: 603603K->604015K(700928K)
[2019-09-22T22:35:10.982-0800][1419.347s] GC(108) Metaspace: 393985K->393985K(1415168K)
[2019-09-22T22:35:10.982-0800][1419.347s] GC(108) Pause Young (Allocation Failure) 1062M->642M(1234M) 40.510ms
[2019-09-22T22:35:10.982-0800][1419.347s] GC(108) User=0.13s Sys=0.00s Real=0.04s
[2019-09-22T22:35:12.824-0800][1421.189s] GC(109) Pause Young (Allocation Failure)
[2019-09-22T22:35:12.868-0800][1421.233s] GC(109) PSYoungGen: 482614K->54507K(561152K)
[2019-09-22T22:35:12.868-0800][1421.233s] GC(109) ParOldGen: 604015K->604671K(700928K)
[2019-09-22T22:35:12.868-0800][1421.233s] GC(109) Metaspace: 397413K->397413K(1417216K)
[2019-09-22T22:35:12.868-0800][1421.233s] GC(109) Pause Young (Allocation Failure) 1061M->643M(1232M) 44.287ms
[2019-09-22T22:35:12.868-0800][1421.233s] GC(109) User=0.14s Sys=0.01s Real=0.04s
[2019-09-22T22:49:37.484-0800][2285.844s] GC(110) Pause Young (Allocation Failure)
[2019-09-22T22:49:37.810-0800][2286.169s] GC(110) PSYoungGen: 483563K->53551K(564224K)
[2019-09-22T22:49:37.810-0800][2286.170s] GC(110) ParOldGen: 604671K->606335K(700928K)
[2019-09-22T22:49:37.810-0800][2286.170s] GC(110) Metaspace: 399468K->399468K(1419264K)
[2019-09-22T22:49:37.810-0800][2286.170s] GC(110) Pause Young (Allocation Failure) 1062M->644M(1235M) 326.006ms
[2019-09-22T22:49:37.810-0800][2286.170s] GC(110) User=0.21s Sys=0.55s Real=0.33s
[2019-09-22T22:49:41.095-0800][2289.454s] GC(111) Pause Young (Allocation Failure)
[2019-09-22T22:49:41.146-0800][2289.506s] GC(111) PSYoungGen: 489263K->47912K(563200K)
[2019-09-22T22:49:41.147-0800][2289.506s] GC(111) ParOldGen: 606335K->611731K(700928K)
[2019-09-22T22:49:41.147-0800][2289.506s] GC(111) Metaspace: 399500K->399500K(1419264K)
[2019-09-22T22:49:41.147-0800][2289.506s] GC(111) Pause Young (Allocation Failure) 1069M->644M(1234M) 51.412ms
[2019-09-22T22:49:41.147-0800][2289.506s] GC(111) User=0.12s Sys=0.02s Real=0.05s
[2019-09-22T22:49:43.684-0800][2292.043s] GC(112) Pause Young (Allocation Failure)
[2019-09-22T22:49:43.722-0800][2292.081s] GC(112) PSYoungGen: 483624K->47964K(569344K)
[2019-09-22T22:49:43.722-0800][2292.081s] GC(112) ParOldGen: 611731K->614154K(700928K)
[2019-09-22T22:49:43.722-0800][2292.081s] GC(112) Metaspace: 399536K->399536K(1419264K)
[2019-09-22T22:49:43.722-0800][2292.081s] GC(112) Pause Young (Allocation Failure) 1069M->646M(1240M) 38.192ms
[2019-09-22T22:49:43.722-0800][2292.081s] GC(112) User=0.10s Sys=0.00s Real=0.04s
[2019-09-22T22:49:45.324-0800][2293.683s] GC(113) Pause Young (Allocation Failure)
[2019-09-22T22:49:45.359-0800][2293.718s] GC(113) PSYoungGen: 492892K->37565K(568320K)
[2019-09-22T22:49:45.359-0800][2293.718s] GC(113) ParOldGen: 614154K->625246K(700928K)
[2019-09-22T22:49:45.359-0800][2293.718s] GC(113) Metaspace: 399560K->399560K(1419264K)
[2019-09-22T22:49:45.359-0800][2293.718s] GC(113) Pause Young (Allocation Failure) 1081M->647M(1239M) 34.503ms
[2019-09-22T22:49:45.359-0800][2293.718s] GC(113) User=0.11s Sys=0.01s Real=0.03s
[2019-09-22T22:49:46.657-0800][2295.016s] GC(114) Pause Young (Allocation Failure)
[2019-09-22T22:49:46.690-0800][2295.049s] GC(114) PSYoungGen: 482493K->39459K(573952K)
[2019-09-22T22:49:46.690-0800][2295.049s] GC(114) ParOldGen: 625246K->625438K(700928K)
[2019-09-22T22:49:46.690-0800][2295.049s] GC(114) Metaspace: 399584K->399584K(1419264K)
[2019-09-22T22:49:46.690-0800][2295.049s] GC(114) Pause Young (Allocation Failure) 1081M->649M(1245M) 32.972ms
[2019-09-22T22:49:46.691-0800][2295.051s] GC(114) User=0.11s Sys=0.00s Real=0.04s
[2019-09-22T22:49:47.206-0800][2295.565s] GC(115) Pause Young (System.gc())
[2019-09-22T22:49:47.250-0800][2295.609s] GC(115) PSYoungGen: 183166K->36131K(488960K)
[2019-09-22T22:49:47.250-0800][2295.609s] GC(115) ParOldGen: 625438K->628238K(700928K)
[2019-09-22T22:49:47.250-0800][2295.609s] GC(115) Metaspace: 399621K->399621K(1419264K)
[2019-09-22T22:49:47.250-0800][2295.609s] GC(115) Pause Young (System.gc()) 789M->648M(1162M) 43.942ms
[2019-09-22T22:49:47.250-0800][2295.609s] GC(115) User=0.15s Sys=0.02s Real=0.05s
[2019-09-22T22:49:47.250-0800][2295.609s] GC(116) Pause Full (System.gc())
[2019-09-22T22:49:47.250-0800][2295.609s] GC(116) Marking Phase
[2019-09-22T22:49:48.313-0800][2296.673s] GC(116) Marking Phase 1063.447ms
[2019-09-22T22:49:48.313-0800][2296.673s] GC(116) Summary Phase
[2019-09-22T22:49:48.313-0800][2296.673s] GC(116) Summary Phase 0.026ms
[2019-09-22T22:49:48.313-0800][2296.673s] GC(116) Adjust Roots
[2019-09-22T22:49:48.472-0800][2296.831s] GC(116) Adjust Roots 158.595ms
[2019-09-22T22:49:48.472-0800][2296.831s] GC(116) Compaction Phase
[2019-09-22T22:49:49.188-0800][2297.547s] GC(116) Compaction Phase 715.888ms
[2019-09-22T22:49:49.188-0800][2297.547s] GC(116) Post Compact
[2019-09-22T22:49:49.198-0800][2297.557s] GC(116) Post Compact 9.876ms
[2019-09-22T22:49:49.198-0800][2297.557s] GC(116) PSYoungGen: 36131K->0K(488960K)
[2019-09-22T22:49:49.198-0800][2297.557s] GC(116) ParOldGen: 628238K->390012K(700928K)
[2019-09-22T22:49:49.198-0800][2297.557s] GC(116) Metaspace: 399621K->382319K(1419264K)
[2019-09-22T22:49:49.198-0800][2297.557s] GC(116) Pause Full (System.gc()) 648M->380M(1162M) 1948.152ms
[2019-09-22T22:49:49.198-0800][2297.557s] GC(116) User=3.86s Sys=1.12s Real=1.94s
[2019-09-22T22:49:49.421-0800][2297.780s] Heap
[2019-09-22T22:49:49.428-0800][2297.787s]  PSYoungGen      total 488960K, used 20968K [0x00000007d5580000, 0x00000007ff900000, 0x0000000800000000)
[2019-09-22T22:49:49.428-0800][2297.787s]   eden space 452608K, 4% used [0x00000007d5580000,0x00000007d69fa1a8,0x00000007f0f80000)
[2019-09-22T22:49:49.428-0800][2297.787s]   from space 36352K, 0% used [0x00000007f0f80000,0x00000007f0f80000,0x00000007f3300000)
[2019-09-22T22:49:49.428-0800][2297.787s]   to   space 119296K, 0% used [0x00000007f8480000,0x00000007f8480000,0x00000007ff900000)
[2019-09-22T22:49:49.428-0800][2297.787s]  ParOldGen       total 700928K, used 390012K [0x0000000780000000, 0x00000007aac80000, 0x00000007d5580000)
[2019-09-22T22:49:49.428-0800][2297.787s]   object space 700928K, 55% used [0x0000000780000000,0x0000000797cdf1c8,0x00000007aac80000)
[2019-09-22T22:49:49.428-0800][2297.787s]  Metaspace       used 382519K, capacity 408140K, committed 430456K, reserved 1419264K
[2019-09-22T22:49:49.428-0800][2297.787s]   class space    used 49161K, capacity 57824K, committed 60364K, reserved 1048576K
