[2019-09-22T21:55:20.037-0800][0.007s] Using Parallel
[2019-09-22T21:55:20.037-0800][0.007s] Heap address: 0x0000000780000000, size: 2048 MB, Compressed Oops mode: Zero based, Oop shift amount: 3
[2019-09-22T21:55:22.579-0800][2.550s] GC(0) Pause Young (Allocation Failure)
[2019-09-22T21:55:22.614-0800][2.585s] GC(0) PSYoungGen: 98304K->16357K(114688K)
[2019-09-22T21:55:22.614-0800][2.585s] GC(0) ParOldGen: 0K->512K(262144K)
[2019-09-22T21:55:22.614-0800][2.585s] GC(0) Metaspace: 19693K->19693K(1067008K)
[2019-09-22T21:55:22.615-0800][2.585s] GC(0) Pause Young (Allocation Failure) 96M->16M(368M) 35.219ms
[2019-09-22T21:55:22.615-0800][2.585s] GC(0) User=0.04s Sys=0.01s Real=0.04s
[2019-09-22T21:55:24.631-0800][4.601s] GC(1) Pause Young (Allocation Failure)
[2019-09-22T21:55:24.647-0800][4.617s] GC(1) PSYoungGen: 114661K->16374K(212992K)
[2019-09-22T21:55:24.647-0800][4.617s] GC(1) ParOldGen: 512K->2804K(262144K)
[2019-09-22T21:55:24.647-0800][4.617s] GC(1) Metaspace: 20081K->20081K(1069056K)
[2019-09-22T21:55:24.647-0800][4.617s] GC(1) Pause Young (Allocation Failure) 112M->18M(464M) 16.385ms
[2019-09-22T21:55:24.647-0800][4.617s] GC(1) User=0.04s Sys=0.01s Real=0.01s
[2019-09-22T21:55:27.566-0800][7.537s] GC(2) Pause Young (Allocation Failure)
[2019-09-22T21:55:27.585-0800][7.555s] GC(2) PSYoungGen: 212982K->16356K(212992K)
[2019-09-22T21:55:27.585-0800][7.555s] GC(2) ParOldGen: 2804K->5148K(262144K)
[2019-09-22T21:55:27.585-0800][7.555s] GC(2) Metaspace: 20092K->20092K(1069056K)
[2019-09-22T21:55:27.585-0800][7.555s] GC(2) Pause Young (Allocation Failure) 210M->21M(464M) 18.202ms
[2019-09-22T21:55:27.585-0800][7.555s] GC(2) User=0.04s Sys=0.01s Real=0.02s
[2019-09-22T21:55:29.227-0800][9.197s] GC(3) Pause Young (Allocation Failure)
[2019-09-22T21:55:29.239-0800][9.209s] GC(3) PSYoungGen: 212964K->16360K(212992K)
[2019-09-22T21:55:29.239-0800][9.209s] GC(3) ParOldGen: 5148K->6577K(262144K)
[2019-09-22T21:55:29.239-0800][9.209s] GC(3) Metaspace: 20137K->20137K(1069056K)
[2019-09-22T21:55:29.239-0800][9.209s] GC(3) Pause Young (Allocation Failure) 213M->22M(464M) 12.260ms
[2019-09-22T21:55:29.239-0800][9.209s] GC(3) User=0.03s Sys=0.00s Real=0.01s
[2019-09-22T21:55:29.482-0800][9.452s] GC(4) Pause Young (Metadata GC Threshold)
[2019-09-22T21:55:29.492-0800][9.462s] GC(4) PSYoungGen: 54110K->16352K(212992K)
[2019-09-22T21:55:29.492-0800][9.462s] GC(4) ParOldGen: 6577K->9143K(262144K)
[2019-09-22T21:55:29.492-0800][9.462s] GC(4) Metaspace: 20577K->20577K(1069056K)
[2019-09-22T21:55:29.492-0800][9.462s] GC(4) Pause Young (Metadata GC Threshold) 59M->24M(464M) 10.187ms
[2019-09-22T21:55:29.492-0800][9.462s] GC(4) User=0.03s Sys=0.00s Real=0.01s
[2019-09-22T21:55:29.492-0800][9.463s] GC(5) Pause Full (Metadata GC Threshold)
[2019-09-22T21:55:29.492-0800][9.463s] GC(5) Marking Phase
[2019-09-22T21:55:29.511-0800][9.481s] GC(5) Marking Phase 18.277ms
[2019-09-22T21:55:29.511-0800][9.481s] GC(5) Summary Phase
[2019-09-22T21:55:29.511-0800][9.481s] GC(5) Summary Phase 0.029ms
[2019-09-22T21:55:29.511-0800][9.481s] GC(5) Adjust Roots
[2019-09-22T21:55:29.522-0800][9.492s] GC(5) Adjust Roots 11.195ms
[2019-09-22T21:55:29.522-0800][9.492s] GC(5) Compaction Phase
[2019-09-22T21:55:29.549-0800][9.520s] GC(5) Compaction Phase 27.011ms
[2019-09-22T21:55:29.549-0800][9.520s] GC(5) Post Compact
[2019-09-22T21:55:29.551-0800][9.521s] GC(5) Post Compact 1.369ms
[2019-09-22T21:55:29.551-0800][9.521s] GC(5) PSYoungGen: 16352K->0K(212992K)
[2019-09-22T21:55:29.551-0800][9.521s] GC(5) ParOldGen: 9143K->20811K(262144K)
[2019-09-22T21:55:29.551-0800][9.521s] GC(5) Metaspace: 20577K->20574K(1069056K)
[2019-09-22T21:55:29.551-0800][9.521s] GC(5) Pause Full (Metadata GC Threshold) 24M->20M(464M) 58.548ms
[2019-09-22T21:55:29.551-0800][9.521s] GC(5) User=0.17s Sys=0.01s Real=0.06s
[2019-09-22T21:55:31.518-0800][11.488s] GC(6) Pause Young (Allocation Failure)
[2019-09-22T21:55:31.523-0800][11.493s] GC(6) PSYoungGen: 196608K->9683K(215040K)
[2019-09-22T21:55:31.523-0800][11.493s] GC(6) ParOldGen: 20811K->20819K(262144K)
[2019-09-22T21:55:31.523-0800][11.493s] GC(6) Metaspace: 29803K->29803K(1077248K)
[2019-09-22T21:55:31.523-0800][11.493s] GC(6) Pause Young (Allocation Failure) 212M->29M(466M) 5.005ms
[2019-09-22T21:55:31.523-0800][11.493s] GC(6) User=0.02s Sys=0.00s Real=0.01s
[2019-09-22T21:56:33.573-0800][73.543s] GC(7) Pause Young (Metadata GC Threshold)
[2019-09-22T21:56:33.580-0800][73.550s] GC(7) PSYoungGen: 123960K->6873K(216576K)
[2019-09-22T21:56:33.580-0800][73.550s] GC(7) ParOldGen: 20819K->20827K(262144K)
[2019-09-22T21:56:33.580-0800][73.550s] GC(7) Metaspace: 34364K->34364K(1081344K)
[2019-09-22T21:56:33.580-0800][73.550s] GC(7) Pause Young (Metadata GC Threshold) 141M->27M(467M) 6.709ms
[2019-09-22T21:56:33.580-0800][73.550s] GC(7) User=0.03s Sys=0.00s Real=0.01s
[2019-09-22T21:56:33.580-0800][73.550s] GC(8) Pause Full (Metadata GC Threshold)
[2019-09-22T21:56:33.580-0800][73.550s] GC(8) Marking Phase
[2019-09-22T21:56:33.598-0800][73.568s] GC(8) Marking Phase 17.888ms
[2019-09-22T21:56:33.598-0800][73.568s] GC(8) Summary Phase
[2019-09-22T21:56:33.598-0800][73.568s] GC(8) Summary Phase 0.014ms
[2019-09-22T21:56:33.598-0800][73.568s] GC(8) Adjust Roots
[2019-09-22T21:56:33.607-0800][73.577s] GC(8) Adjust Roots 8.901ms
[2019-09-22T21:56:33.607-0800][73.577s] GC(8) Compaction Phase
[2019-09-22T21:56:33.635-0800][73.605s] GC(8) Compaction Phase 27.689ms
[2019-09-22T21:56:33.635-0800][73.605s] GC(8) Post Compact
[2019-09-22T21:56:33.635-0800][73.605s] GC(8) Post Compact 0.134ms
[2019-09-22T21:56:33.635-0800][73.605s] GC(8) PSYoungGen: 6873K->0K(216576K)
[2019-09-22T21:56:33.635-0800][73.605s] GC(8) ParOldGen: 20827K->20047K(262144K)
[2019-09-22T21:56:33.635-0800][73.605s] GC(8) Metaspace: 34364K->34364K(1081344K)
[2019-09-22T21:56:33.635-0800][73.605s] GC(8) Pause Full (Metadata GC Threshold) 27M->19M(467M) 54.828ms
[2019-09-22T21:56:33.635-0800][73.605s] GC(8) User=0.14s Sys=0.03s Real=0.05s
[2019-09-22T21:56:33.989-0800][73.959s] Heap
[2019-09-22T21:56:33.989-0800][73.959s]  PSYoungGen      total 216576K, used 25466K [0x00000007d5580000, 0x00000007f0380000, 0x0000000800000000)
[2019-09-22T21:56:33.989-0800][73.959s]   eden space 195072K, 13% used [0x00000007d5580000,0x00000007d6e5ea00,0x00000007e1400000)
[2019-09-22T21:56:33.989-0800][73.959s]   from space 21504K, 0% used [0x00000007e1400000,0x00000007e1400000,0x00000007e2900000)
[2019-09-22T21:56:33.989-0800][73.959s]   to   space 23552K, 0% used [0x00000007eec80000,0x00000007eec80000,0x00000007f0380000)
[2019-09-22T21:56:33.989-0800][73.959s]  ParOldGen       total 262144K, used 20047K [0x0000000780000000, 0x0000000790000000, 0x00000007d5580000)
[2019-09-22T21:56:33.989-0800][73.959s]   object space 262144K, 7% used [0x0000000780000000,0x0000000781393eb0,0x0000000790000000)
[2019-09-22T21:56:33.989-0800][73.959s]  Metaspace       used 34522K, capacity 35430K, committed 35672K, reserved 1081344K
[2019-09-22T21:56:33.989-0800][73.959s]   class space    used 3824K, capacity 4170K, committed 4224K, reserved 1048576K
