[2019-09-22T21:59:00.186-0800][0.008s] Using Parallel
[2019-09-22T21:59:00.192-0800][0.013s] Heap address: 0x0000000780000000, size: 2048 MB, Compressed Oops mode: Zero based, Oop shift amount: 3
[2019-09-22T21:59:02.002-0800][1.823s] GC(0) Pause Young (Allocation Failure)
[2019-09-22T21:59:02.016-0800][1.837s] GC(0) PSYoungGen: 98304K->16362K(114688K)
[2019-09-22T21:59:02.016-0800][1.837s] GC(0) ParOldGen: 0K->548K(262144K)
[2019-09-22T21:59:02.016-0800][1.837s] GC(0) Metaspace: 19699K->19699K(1067008K)
[2019-09-22T21:59:02.016-0800][1.838s] GC(0) Pause Young (Allocation Failure) 96M->16M(368M) 14.466ms
[2019-09-22T21:59:02.016-0800][1.838s] GC(0) User=0.03s Sys=0.00s Real=0.01s
[2019-09-22T21:59:03.282-0800][3.104s] GC(1) Pause Young (Allocation Failure)
[2019-09-22T21:59:03.298-0800][3.119s] GC(1) PSYoungGen: 114666K->16360K(114688K)
[2019-09-22T21:59:03.298-0800][3.119s] GC(1) ParOldGen: 548K->2852K(262144K)
[2019-09-22T21:59:03.298-0800][3.119s] GC(1) Metaspace: 20090K->20090K(1069056K)
[2019-09-22T21:59:03.298-0800][3.119s] GC(1) Pause Young (Allocation Failure) 112M->18M(368M) 15.510ms
[2019-09-22T21:59:03.298-0800][3.119s] GC(1) User=0.04s Sys=0.01s Real=0.01s
[2019-09-22T21:59:05.107-0800][4.928s] GC(2) Pause Young (Allocation Failure)
[2019-09-22T21:59:05.116-0800][4.938s] GC(2) PSYoungGen: 114664K->16353K(114688K)
[2019-09-22T21:59:05.116-0800][4.938s] GC(2) ParOldGen: 2852K->4364K(262144K)
[2019-09-22T21:59:05.116-0800][4.938s] GC(2) Metaspace: 20110K->20110K(1069056K)
[2019-09-22T21:59:05.116-0800][4.938s] GC(2) Pause Young (Allocation Failure) 114M->20M(368M) 9.325ms
[2019-09-22T21:59:05.116-0800][4.938s] GC(2) User=0.03s Sys=0.00s Real=0.01s
[2019-09-22T21:59:06.476-0800][6.298s] GC(3) Pause Young (Allocation Failure)
[2019-09-22T21:59:06.486-0800][6.307s] GC(3) PSYoungGen: 114657K->16357K(114688K)
[2019-09-22T21:59:06.486-0800][6.307s] GC(3) ParOldGen: 4364K->5340K(262144K)
[2019-09-22T21:59:06.486-0800][6.307s] GC(3) Metaspace: 20111K->20111K(1069056K)
[2019-09-22T21:59:06.486-0800][6.307s] GC(3) Pause Young (Allocation Failure) 116M->21M(368M) 9.339ms
[2019-09-22T21:59:06.486-0800][6.307s] GC(3) User=0.03s Sys=0.00s Real=0.01s
[2019-09-22T21:59:07.452-0800][7.273s] GC(4) Pause Young (Allocation Failure)
[2019-09-22T21:59:07.462-0800][7.283s] GC(4) PSYoungGen: 114661K->16371K(112640K)
[2019-09-22T21:59:07.462-0800][7.283s] GC(4) ParOldGen: 5340K->6416K(262144K)
[2019-09-22T21:59:07.462-0800][7.283s] GC(4) Metaspace: 20122K->20122K(1069056K)
[2019-09-22T21:59:07.462-0800][7.284s] GC(4) Pause Young (Allocation Failure) 117M->22M(366M) 10.332ms
[2019-09-22T21:59:07.462-0800][7.284s] GC(4) User=0.04s Sys=0.00s Real=0.01s
[2019-09-22T21:59:07.684-0800][7.506s] GC(5) Pause Young (Allocation Failure)
[2019-09-22T21:59:07.694-0800][7.516s] GC(5) PSYoungGen: 112627K->16818K(115200K)
[2019-09-22T21:59:07.694-0800][7.516s] GC(5) ParOldGen: 6416K->6424K(262144K)
[2019-09-22T21:59:07.694-0800][7.516s] GC(5) Metaspace: 20153K->20153K(1069056K)
[2019-09-22T21:59:07.694-0800][7.516s] GC(5) Pause Young (Allocation Failure) 116M->22M(368M) 9.805ms
[2019-09-22T21:59:07.694-0800][7.516s] GC(5) User=0.04s Sys=0.00s Real=0.01s
[2019-09-22T21:59:07.870-0800][7.691s] GC(6) Pause Young (Metadata GC Threshold)
[2019-09-22T21:59:07.885-0800][7.706s] GC(6) PSYoungGen: 56320K->4544K(115200K)
[2019-09-22T21:59:07.885-0800][7.706s] GC(6) ParOldGen: 6424K->21023K(262144K)
[2019-09-22T21:59:07.885-0800][7.706s] GC(6) Metaspace: 20617K->20617K(1069056K)
[2019-09-22T21:59:07.885-0800][7.706s] GC(6) Pause Young (Metadata GC Threshold) 61M->24M(368M) 15.098ms
[2019-09-22T21:59:07.885-0800][7.706s] GC(6) User=0.05s Sys=0.00s Real=0.01s
[2019-09-22T21:59:07.885-0800][7.706s] GC(7) Pause Full (Metadata GC Threshold)
[2019-09-22T21:59:07.885-0800][7.706s] GC(7) Marking Phase
[2019-09-22T21:59:07.900-0800][7.722s] GC(7) Marking Phase 15.243ms
[2019-09-22T21:59:07.900-0800][7.722s] GC(7) Summary Phase
[2019-09-22T21:59:07.900-0800][7.722s] GC(7) Summary Phase 0.020ms
[2019-09-22T21:59:07.900-0800][7.722s] GC(7) Adjust Roots
[2019-09-22T21:59:07.909-0800][7.730s] GC(7) Adjust Roots 8.545ms
[2019-09-22T21:59:07.909-0800][7.731s] GC(7) Compaction Phase
[2019-09-22T21:59:07.945-0800][7.766s] GC(7) Compaction Phase 35.796ms
[2019-09-22T21:59:07.945-0800][7.766s] GC(7) Post Compact
[2019-09-22T21:59:07.945-0800][7.766s] GC(7) Post Compact 0.105ms
[2019-09-22T21:59:07.945-0800][7.766s] GC(7) PSYoungGen: 4544K->0K(115200K)
[2019-09-22T21:59:07.945-0800][7.766s] GC(7) ParOldGen: 21023K->20840K(262144K)
[2019-09-22T21:59:07.945-0800][7.766s] GC(7) Metaspace: 20617K->20616K(1069056K)
[2019-09-22T21:59:07.945-0800][7.767s] GC(7) Pause Full (Metadata GC Threshold) 24M->20M(368M) 60.065ms
[2019-09-22T21:59:07.945-0800][7.767s] GC(7) User=0.17s Sys=0.01s Real=0.06s
[2019-09-22T21:59:08.656-0800][8.477s] GC(8) Pause Young (Allocation Failure)
[2019-09-22T21:59:08.661-0800][8.482s] GC(8) PSYoungGen: 96256K->2516K(211968K)
[2019-09-22T21:59:08.661-0800][8.482s] GC(8) ParOldGen: 20840K->20848K(262144K)
[2019-09-22T21:59:08.661-0800][8.482s] GC(8) Metaspace: 26436K->26436K(1073152K)
[2019-09-22T21:59:08.661-0800][8.482s] GC(8) Pause Young (Allocation Failure) 114M->22M(463M) 5.137ms
[2019-09-22T21:59:08.661-0800][8.482s] GC(8) User=0.02s Sys=0.00s Real=0.01s
[2019-09-22T22:00:55.686-0800][115.506s] GC(9) Pause Young (Allocation Failure)
[2019-09-22T22:00:55.703-0800][115.523s] GC(9) PSYoungGen: 192980K->8303K(214016K)
[2019-09-22T22:00:55.703-0800][115.524s] GC(9) ParOldGen: 20848K->20856K(262144K)
[2019-09-22T22:00:55.703-0800][115.524s] GC(9) Metaspace: 34323K->34323K(1081344K)
[2019-09-22T22:00:55.703-0800][115.524s] GC(9) Pause Young (Allocation Failure) 208M->28M(465M) 17.200ms
[2019-09-22T22:00:55.703-0800][115.524s] GC(9) User=0.02s Sys=0.03s Real=0.02s
[2019-09-22T22:00:55.942-0800][115.763s] GC(10) Pause Young (Metadata GC Threshold)
[2019-09-22T22:00:55.952-0800][115.772s] GC(10) PSYoungGen: 17590K->12479K(326656K)
[2019-09-22T22:00:55.952-0800][115.772s] GC(10) ParOldGen: 20856K->22848K(262144K)
[2019-09-22T22:00:55.952-0800][115.772s] GC(10) Metaspace: 34363K->34363K(1081344K)
[2019-09-22T22:00:55.952-0800][115.772s] GC(10) Pause Young (Metadata GC Threshold) 37M->34M(575M) 9.273ms
[2019-09-22T22:00:55.952-0800][115.772s] GC(10) User=0.03s Sys=0.01s Real=0.01s
[2019-09-22T22:00:55.952-0800][115.772s] GC(11) Pause Full (Metadata GC Threshold)
[2019-09-22T22:00:55.952-0800][115.772s] GC(11) Marking Phase
[2019-09-22T22:00:55.968-0800][115.788s] GC(11) Marking Phase 15.951ms
[2019-09-22T22:00:55.968-0800][115.788s] GC(11) Summary Phase
[2019-09-22T22:00:55.968-0800][115.788s] GC(11) Summary Phase 0.016ms
[2019-09-22T22:00:55.968-0800][115.788s] GC(11) Adjust Roots
[2019-09-22T22:00:55.977-0800][115.798s] GC(11) Adjust Roots 9.248ms
[2019-09-22T22:00:55.977-0800][115.798s] GC(11) Compaction Phase
[2019-09-22T22:00:56.002-0800][115.823s] GC(11) Compaction Phase 25.131ms
[2019-09-22T22:00:56.002-0800][115.823s] GC(11) Post Compact
[2019-09-22T22:00:56.002-0800][115.823s] GC(11) Post Compact 0.131ms
[2019-09-22T22:00:56.002-0800][115.823s] GC(11) PSYoungGen: 12479K->0K(326656K)
[2019-09-22T22:00:56.002-0800][115.823s] GC(11) ParOldGen: 22848K->27299K(262144K)
[2019-09-22T22:00:56.002-0800][115.823s] GC(11) Metaspace: 34363K->34363K(1081344K)
[2019-09-22T22:00:56.002-0800][115.823s] GC(11) Pause Full (Metadata GC Threshold) 34M->26M(575M) 50.703ms
[2019-09-22T22:00:56.002-0800][115.823s] GC(11) User=0.14s Sys=0.00s Real=0.05s
[2019-09-22T22:00:56.038-0800][115.859s] Heap
[2019-09-22T22:00:56.039-0800][115.859s]  PSYoungGen      total 326656K, used 37454K [0x00000007d5580000, 0x00000007eab80000, 0x0000000800000000)
[2019-09-22T22:00:56.039-0800][115.859s]   eden space 305152K, 12% used [0x00000007d5580000,0x00000007d7a13ab0,0x00000007e7f80000)
[2019-09-22T22:00:56.039-0800][115.859s]   from space 21504K, 0% used [0x00000007e9680000,0x00000007e9680000,0x00000007eab80000)
[2019-09-22T22:00:56.039-0800][115.859s]   to   space 22528K, 0% used [0x00000007e7f80000,0x00000007e7f80000,0x00000007e9580000)
[2019-09-22T22:00:56.039-0800][115.859s]  ParOldGen       total 262144K, used 27299K [0x0000000780000000, 0x0000000790000000, 0x00000007d5580000)
[2019-09-22T22:00:56.039-0800][115.859s]   object space 262144K, 10% used [0x0000000780000000,0x0000000781aa8d80,0x0000000790000000)
[2019-09-22T22:00:56.039-0800][115.859s]  Metaspace       used 34488K, capacity 35364K, committed 35672K, reserved 1081344K
[2019-09-22T22:00:56.039-0800][115.859s]   class space    used 3818K, capacity 4170K, committed 4224K, reserved 1048576K
